Component: ARM Compiler 5.06 update 7 (build 960) Tool: armlink [4d3601]

==============================================================================

Section Cross References

    main.o(i.Speed_set) refers to fflt_clz.o(x$fpl$ffltu) for __aeabi_ui2f
    main.o(i.Speed_set) refers to fmul.o(x$fpl$fmul) for __aeabi_fmul
    main.o(i.Speed_set) refers to f2d.o(x$fpl$f2d) for __aeabi_f2d
    main.o(i.Speed_set) refers to ddiv.o(x$fpl$ddiv) for __aeabi_ddiv
    main.o(i.Speed_set) refers to d2f.o(x$fpl$d2f) for __aeabi_d2f
    main.o(i.Speed_set) refers to faddsub_clz.o(x$fpl$fsub) for __aeabi_fsub
    main.o(i.Speed_set) refers to fdiv.o(x$fpl$fdiv) for __aeabi_fdiv
    main.o(i.Speed_set) refers to fleqf.o(x$fpl$fleqf) for __aeabi_cfcmple
    main.o(i.Speed_set) refers to frleqf.o(x$fpl$frleqf) for __aeabi_cfrcmple
    main.o(i.Speed_set) refers to faddsub_clz.o(x$fpl$fadd) for __aeabi_fadd
    main.o(i.Speed_set) refers to main.o(.data) for adc_dma_buffer
    main.o(i.TMR2_GLOBAL_IRQHandler) refers to at32f415_tmr.o(i.tmr_interrupt_flag_get) for tmr_interrupt_flag_get
    main.o(i.TMR2_GLOBAL_IRQHandler) refers to at32f415_tmr.o(i.tmr_flag_clear) for tmr_flag_clear
    main.o(i.TMR2_GLOBAL_IRQHandler) refers to at32f415_tmr.o(i.tmr_channel_value_get) for tmr_channel_value_get
    main.o(i.TMR2_GLOBAL_IRQHandler) refers to at32f415_gpio.o(i.gpio_input_data_bit_read) for gpio_input_data_bit_read
    main.o(i.TMR2_GLOBAL_IRQHandler) refers to fflt_clz.o(x$fpl$ffltu) for __aeabi_ui2f
    main.o(i.TMR2_GLOBAL_IRQHandler) refers to fmul.o(x$fpl$fmul) for __aeabi_fmul
    main.o(i.TMR2_GLOBAL_IRQHandler) refers to fdiv.o(x$fpl$fdiv) for __aeabi_fdiv
    main.o(i.TMR2_GLOBAL_IRQHandler) refers to main.o(i.motor_commutate) for motor_commutate
    main.o(i.TMR2_GLOBAL_IRQHandler) refers to main.o(.data) for cap_now
    main.o(i.adc_init) refers to at32f415_crm.o(i.crm_periph_clock_enable) for crm_periph_clock_enable
    main.o(i.adc_init) refers to at32f415_gpio.o(i.gpio_default_para_init) for gpio_default_para_init
    main.o(i.adc_init) refers to at32f415_gpio.o(i.gpio_init) for gpio_init
    main.o(i.adc_init) refers to at32f415_adc.o(i.adc_reset) for adc_reset
    main.o(i.adc_init) refers to at32f415_adc.o(i.adc_base_default_para_init) for adc_base_default_para_init
    main.o(i.adc_init) refers to at32f415_adc.o(i.adc_base_config) for adc_base_config
    main.o(i.adc_init) refers to at32f415_adc.o(i.adc_ordinary_channel_set) for adc_ordinary_channel_set
    main.o(i.adc_init) refers to at32f415_adc.o(i.adc_ordinary_conversion_trigger_set) for adc_ordinary_conversion_trigger_set
    main.o(i.adc_init) refers to at32f415_adc.o(i.adc_enable) for adc_enable
    main.o(i.adc_init) refers to at32f415_adc.o(i.adc_calibration_init) for adc_calibration_init
    main.o(i.adc_init) refers to at32f415_adc.o(i.adc_calibration_init_status_get) for adc_calibration_init_status_get
    main.o(i.adc_init) refers to at32f415_adc.o(i.adc_calibration_start) for adc_calibration_start
    main.o(i.adc_init) refers to at32f415_adc.o(i.adc_calibration_status_get) for adc_calibration_status_get
    main.o(i.adc_init) refers to at32f415_adc.o(i.adc_dma_mode_enable) for adc_dma_mode_enable
    main.o(i.adc_init) refers to at32f415_dma.o(i.dma_reset) for dma_reset
    main.o(i.adc_init) refers to at32f415_dma.o(i.dma_default_para_init) for dma_default_para_init
    main.o(i.adc_init) refers to at32f415_dma.o(i.dma_init) for dma_init
    main.o(i.adc_init) refers to at32f415_dma.o(i.dma_flexible_config) for dma_flexible_config
    main.o(i.adc_init) refers to at32f415_dma.o(i.dma_channel_enable) for dma_channel_enable
    main.o(i.adc_init) refers to main.o(.data) for adc_dma_buffer
    main.o(i.current_offset_calibration) refers to at32f415_adc.o(i.adc_ordinary_conversion_trigger_set) for adc_ordinary_conversion_trigger_set
    main.o(i.current_offset_calibration) refers to at32f415_dma.o(i.dma_flag_clear) for dma_flag_clear
    main.o(i.current_offset_calibration) refers to at32f415_adc.o(i.adc_ordinary_software_trigger_enable) for adc_ordinary_software_trigger_enable
    main.o(i.current_offset_calibration) refers to at32f415_dma.o(i.dma_flag_get) for dma_flag_get
    main.o(i.current_offset_calibration) refers to fflt_clz.o(x$fpl$ffltu) for __aeabi_ui2f
    main.o(i.current_offset_calibration) refers to faddsub_clz.o(x$fpl$fadd) for __aeabi_fadd
    main.o(i.current_offset_calibration) refers to fdiv.o(x$fpl$fdiv) for __aeabi_fdiv
    main.o(i.current_offset_calibration) refers to main.o(.data) for adc_dma_buffer
    main.o(i.current_sample) refers to at32f415_dma.o(i.dma_flag_get) for dma_flag_get
    main.o(i.current_sample) refers to at32f415_dma.o(i.dma_flag_clear) for dma_flag_clear
    main.o(i.current_sample) refers to fflt_clz.o(x$fpl$ffltu) for __aeabi_ui2f
    main.o(i.current_sample) refers to faddsub_clz.o(x$fpl$fadd) for __aeabi_fadd
    main.o(i.current_sample) refers to fdiv.o(x$fpl$fdiv) for __aeabi_fdiv
[...]
    Removing at32f415_usart.o(i.usart_clock_enable), (10 bytes).
    Removing at32f415_usart.o(i.usart_data_receive), (8 bytes).
    Removing at32f415_usart.o(i.usart_data_transmit), (8 bytes).
    Removing at32f415_usart.o(i.usart_dma_receiver_enable), (10 bytes).
    Removing at32f415_usart.o(i.usart_dma_transmitter_enable), (10 bytes).
    Removing at32f415_usart.o(i.usart_enable), (10 bytes).
    Removing at32f415_usart.o(i.usart_flag_clear), (18 bytes).
    Removing at32f415_usart.o(i.usart_flag_get), (16 bytes).
    Removing at32f415_usart.o(i.usart_hardware_flow_control_set), (102 bytes).
    Removing at32f415_usart.o(i.usart_init), (108 bytes).
    Removing at32f415_usart.o(i.usart_interrupt_enable), (54 bytes).
    Removing at32f415_usart.o(i.usart_interrupt_flag_get), (176 bytes).
    Removing at32f415_usart.o(i.usart_irda_low_power_enable), (10 bytes).
    Removing at32f415_usart.o(i.usart_irda_mode_enable), (10 bytes).
    Removing at32f415_usart.o(i.usart_irda_smartcard_division_set), (10 bytes).
    Removing at32f415_usart.o(i.usart_lin_mode_enable), (10 bytes).
    Removing at32f415_usart.o(i.usart_parity_selection_config), (76 bytes).
    Removing at32f415_usart.o(i.usart_receiver_enable), (10 bytes).
    Removing at32f415_usart.o(i.usart_receiver_mute_enable), (10 bytes).
    Removing at32f415_usart.o(i.usart_reset), (148 bytes).
    Removing at32f415_usart.o(i.usart_single_line_halfduplex_select), (10 bytes).
    Removing at32f415_usart.o(i.usart_smartcard_guard_time_set), (10 bytes).
    Removing at32f415_usart.o(i.usart_smartcard_mode_enable), (10 bytes).
    Removing at32f415_usart.o(i.usart_smartcard_nack_set), (10 bytes).
    Removing at32f415_usart.o(i.usart_transmitter_enable), (10 bytes).
    Removing at32f415_usart.o(i.usart_wakeup_id_set), (10 bytes).
    Removing at32f415_usart.o(i.usart_wakeup_mode_set), (10 bytes).
    Removing at32f415_i2c.o(.rev16_text), (4 bytes).
    Removing at32f415_i2c.o(.revsh_text), (4 bytes).
    Removing at32f415_i2c.o(.rrx_text), (6 bytes).
    Removing at32f415_i2c.o(i.i2c_7bit_address_send), (18 bytes).
    Removing at32f415_i2c.o(i.i2c_ack_enable), (10 bytes).
    Removing at32f415_i2c.o(i.i2c_arp_mode_enable), (10 bytes).
    Removing at32f415_i2c.o(i.i2c_clock_stretch_enable), (18 bytes).
    Removing at32f415_i2c.o(i.i2c_data_receive), (8 bytes).
    Removing at32f415_i2c.o(i.i2c_data_send), (4 bytes).
    Removing at32f415_i2c.o(i.i2c_dma_enable), (10 bytes).
    Removing at32f415_i2c.o(i.i2c_dma_end_transfer_set), (10 bytes).
    Removing at32f415_i2c.o(i.i2c_enable), (10 bytes).
    Removing at32f415_i2c.o(i.i2c_fast_mode_duty_set), (10 bytes).
    Removing at32f415_i2c.o(i.i2c_flag_clear), (40 bytes).
    Removing at32f415_i2c.o(i.i2c_flag_get), (48 bytes).
    Removing at32f415_i2c.o(i.i2c_general_call_enable), (10 bytes).
    Removing at32f415_i2c.o(i.i2c_init), (292 bytes).
    Removing at32f415_i2c.o(i.i2c_interrupt_enable), (24 bytes).
    Removing at32f415_i2c.o(i.i2c_interrupt_flag_get), (210 bytes).
    Removing at32f415_i2c.o(i.i2c_master_receive_ack_set), (10 bytes).
    Removing at32f415_i2c.o(i.i2c_own_address1_set), (18 bytes).
    Removing at32f415_i2c.o(i.i2c_own_address2_enable), (10 bytes).
    Removing at32f415_i2c.o(i.i2c_own_address2_set), (12 bytes).
    Removing at32f415_i2c.o(i.i2c_pec_calculate_enable), (10 bytes).
    Removing at32f415_i2c.o(i.i2c_pec_position_set), (10 bytes).
    Removing at32f415_i2c.o(i.i2c_pec_transmit_enable), (10 bytes).
    Removing at32f415_i2c.o(i.i2c_pec_value_get), (10 bytes).
    Removing at32f415_i2c.o(i.i2c_reset), (60 bytes).
    Removing at32f415_i2c.o(i.i2c_smbus_alert_set), (10 bytes).
    Removing at32f415_i2c.o(i.i2c_smbus_enable), (10 bytes).
    Removing at32f415_i2c.o(i.i2c_smbus_mode_set), (10 bytes).
    Removing at32f415_i2c.o(i.i2c_software_reset), (10 bytes).
    Removing at32f415_i2c.o(i.i2c_start_generate), (14 bytes).
    Removing at32f415_i2c.o(i.i2c_stop_generate), (14 bytes).
    Removing at32f415_tmr.o(.rev16_text), (4 bytes).
    Removing at32f415_tmr.o(.revsh_text), (4 bytes).
    Removing at32f415_tmr.o(.rrx_text), (6 bytes).
    Removing at32f415_tmr.o(i.tmr_channel_buffer_enable), (10 bytes).
    Removing at32f415_tmr.o(i.tmr_channel_dma_select), (10 bytes).
    Removing at32f415_tmr.o(i.tmr_channel_enable), (96 bytes).
    Removing at32f415_tmr.o(i.tmr_clock_source_div_set), (10 bytes).
    Removing at32f415_tmr.o(i.tmr_counter_value_get), (6 bytes).
    Removing at32f415_tmr.o(i.tmr_counter_value_set), (4 bytes).
    Removing at32f415_tmr.o(i.tmr_div_value_get), (6 bytes).
    Removing at32f415_tmr.o(i.tmr_div_value_set), (4 bytes).
    Removing at32f415_tmr.o(i.tmr_dma_control_config), (18 bytes).
    Removing at32f415_tmr.o(i.tmr_dma_request_enable), (22 bytes).
    Removing at32f415_tmr.o(i.tmr_encoder_mode_config), (86 bytes).
    Removing at32f415_tmr.o(i.tmr_event_sw_trigger), (8 bytes).
    Removing at32f415_tmr.o(i.tmr_external_clock_config), (28 bytes).
    Removing at32f415_tmr.o(i.tmr_external_clock_mode1_config), (44 bytes).
    Removing at32f415_tmr.o(i.tmr_external_clock_mode2_config), (36 bytes).
    Removing at32f415_tmr.o(i.tmr_flag_get), (18 bytes).
    Removing at32f415_tmr.o(i.tmr_force_output_set), (66 bytes).
    Removing at32f415_tmr.o(i.tmr_input_channel_divider_set), (66 bytes).
    Removing at32f415_tmr.o(i.tmr_input_channel_filter_set), (66 bytes).
    Removing at32f415_tmr.o(i.tmr_internal_clock_set), (10 bytes).
    Removing at32f415_tmr.o(i.tmr_one_cycle_mode_enable), (10 bytes).
    Removing at32f415_tmr.o(i.tmr_output_channel_buffer_enable), (66 bytes).
    Removing at32f415_tmr.o(i.tmr_output_channel_immediately_set), (66 bytes).
    Removing at32f415_tmr.o(i.tmr_output_channel_mode_select), (66 bytes).
    Removing at32f415_tmr.o(i.tmr_output_channel_polarity_set), (96 bytes).
    Removing at32f415_tmr.o(i.tmr_output_channel_switch_select), (10 bytes).
    Removing at32f415_tmr.o(i.tmr_output_channel_switch_set), (66 bytes).
    Removing at32f415_tmr.o(i.tmr_overflow_event_disable), (10 bytes).
    Removing at32f415_tmr.o(i.tmr_overflow_request_source_set), (10 bytes).
    Removing at32f415_tmr.o(i.tmr_period_buffer_enable), (10 bytes).
    Removing at32f415_tmr.o(i.tmr_period_value_get), (6 bytes).
    Removing at32f415_tmr.o(i.tmr_period_value_set), (4 bytes).
    Removing at32f415_tmr.o(i.tmr_primary_mode_select), (10 bytes).
    Removing at32f415_tmr.o(i.tmr_pwm_input_config), (382 bytes).
    Removing at32f415_tmr.o(i.tmr_repetition_counter_set), (10 bytes).
    Removing at32f415_tmr.o(i.tmr_reset), (244 bytes).
    Removing at32f415_tmr.o(i.tmr_sub_mode_select), (10 bytes).
    Removing at32f415_tmr.o(i.tmr_sub_sync_mode_set), (10 bytes).
    Removing at32f415_tmr.o(i.tmr_trigger_input_select), (10 bytes).
    Removing at32f415_exint.o(.rev16_text), (4 bytes).
    Removing at32f415_exint.o(.revsh_text), (4 bytes).
    Removing at32f415_exint.o(.rrx_text), (6 bytes).
    Removing at32f415_exint.o(i.exint_default_para_init), (14 bytes).
    Removing at32f415_exint.o(i.exint_event_enable), (32 bytes).
    Removing at32f415_exint.o(i.exint_flag_clear), (12 bytes).
    Removing at32f415_exint.o(i.exint_flag_get), (28 bytes).
    Removing at32f415_exint.o(i.exint_init), (152 bytes).
    Removing at32f415_exint.o(i.exint_interrupt_enable), (32 bytes).
    Removing at32f415_exint.o(i.exint_interrupt_flag_get), (36 bytes).
    Removing at32f415_exint.o(i.exint_reset), (40 bytes).
    Removing at32f415_exint.o(i.exint_software_interrupt_event_generate), (16 bytes).
    Removing system_at32f415.o(.rev16_text), (4 bytes).
    Removing system_at32f415.o(.revsh_text), (4 bytes).
    Removing system_at32f415.o(.rrx_text), (6 bytes).

222 unused section(s) (total 7390 bytes) removed from the image.

==============================================================================

Image Symbol Table

    Local Symbols

    Symbol Name                              Value     Ov Type        Size  Object(Section)

    ../clib/angel/boardlib.s                 0x00000000   Number         0  boardinit1.o ABSOLUTE
    ../clib/angel/boardlib.s                 0x00000000   Number         0  boardshut.o ABSOLUTE
    ../clib/angel/boardlib.s                 0x00000000   Number         0  boardinit3.o ABSOLUTE
    ../clib/angel/boardlib.s                 0x00000000   Number         0  boardinit2.o ABSOLUTE
    ../clib/angel/handlers.s                 0x00000000   Number         0  __scatter_copy.o ABSOLUTE
    ../clib/angel/handlers.s                 0x00000000   Number         0  __scatter_zi.o ABSOLUTE
    ../clib/angel/kernel.s                   0x00000000   Number         0  rtexit.o ABSOLUTE
    ../clib/angel/kernel.s                   0x00000000   Number         0  __rtentry2.o ABSOLUTE
    ../clib/angel/kernel.s                   0x00000000   Number         0  __rtentry.o ABSOLUTE
    ../clib/angel/kernel.s                   0x00000000   Number         0  rtexit2.o ABSOLUTE
    ../clib/angel/kernel.s                   0x00000000   Number         0  __rtentry4.o ABSOLUTE
    ../clib/angel/rt.s                       0x00000000   Number         0  aeabi_ldiv0_sigfpe.o ABSOLUTE
    ../clib/angel/rt.s                       0x00000000   Number         0  aeabi_ldiv0.o ABSOLUTE
    ../clib/angel/rt.s                       0x00000000   Number         0  rt_raise.o ABSOLUTE
    ../clib/angel/rt.s                       0x00000000   Number         0  rt_div0.o ABSOLUTE
    ../clib/angel/scatter.s                  0x00000000   Number         0  __scatter.o ABSOLUTE
    ../clib/angel/startup.s                  0x00000000   Number         0  __main.o ABSOLUTE
    ../clib/angel/sys.s                      0x00000000   Number         0  libspace.o ABSOLUTE
    ../clib/angel/sys.s                      0x00000000   Number         0  use_no_semi.o ABSOLUTE
    ../clib/angel/sys.s                      0x00000000   Number         0  sys_stackheap_outer.o ABSOLUTE
    ../clib/angel/sys.s                      0x00000000   Number         0  indicate_semi.o ABSOLUTE
    ../clib/angel/sys.s                      0x00000000   Number         0  use_no_semi_2.o ABSOLUTE
    ../clib/angel/sysapp.c                   0x00000000   Number         0  sys_command.o ABSOLUTE
    ../clib/armsys.c                         0x00000000   Number         0  argv_veneer.o ABSOLUTE
    ../clib/armsys.c                         0x00000000   Number         0  _get_argv_nomalloc.o ABSOLUTE
    ../clib/armsys.c                         0x00000000   Number         0  no_argv.o ABSOLUTE
    ../clib/armsys.c                         0x00000000   Number         0  argv_veneer.o ABSOLUTE
    ../clib/heapalloc.c                      0x00000000   Number         0  hrguard.o ABSOLUTE
    ../clib/heapaux.c                        0x00000000   Number         0  heapauxi.o ABSOLUTE
    ../clib/libinit.s                        0x00000000   Number         0  libinit2.o ABSOLUTE
    ../clib/libinit.s                        0x00000000   Number         0  libshutdown.o ABSOLUTE
    ../clib/libinit.s                        0x00000000   Number         0  libshutdown2.o ABSOLUTE
    ../clib/libinit.s                        0x00000000   Number         0  libinit.o ABSOLUTE
    ../clib/longlong.s                       0x00000000   Number         0  lludivv7m.o ABSOLUTE
    ../clib/signal.c                         0x00000000   Number         0  defsig_fpe_inner.o ABSOLUTE
    ../clib/signal.c                         0x00000000   Number         0  defsig_exit.o ABSOLUTE
    ../clib/signal.c                         0x00000000   Number         0  defsig_other.o ABSOLUTE
    ../clib/signal.c                         0x00000000   Number         0  __raise.o ABSOLUTE
    ../clib/signal.c                         0x00000000   Number         0  defsig_general.o ABSOLUTE
    ../clib/signal.c                         0x00000000   Number         0  defsig_fpe_formal.o ABSOLUTE
    ../clib/signal.c                         0x00000000   Number         0  defsig_fpe_outer.o ABSOLUTE
    ../clib/signal.c                         0x00000000   Number         0  defsig_pvfn_inner.o ABSOLUTE
    ../clib/signal.c                         0x00000000   Number         0  defsig_abrt_inner.o ABSOLUTE
    ../clib/signal.c                         0x00000000   Number         0  defsig_rtred_inner.o ABSOLUTE
    ../clib/signal.c                         0x00000000   Number         0  defsig_cppl_inner.o ABSOLUTE
    ../clib/signal.c                         0x00000000   Number         0  defsig_rtmem_inner.o ABSOLUTE
    ../clib/signal.c                         0x00000000   Number         0  defsig_rtmem_outer.o ABSOLUTE
    ../clib/signal.c                         0x00000000   Number         0  defsig_rtmem_formal.o ABSOLUTE
    ../clib/signal.c                         0x00000000   Number         0  defsig_stak_inner.o ABSOLUTE
    ../clib/signal.c                         0x00000000   Number         0  defsig_segv_inner.o ABSOLUTE
    ../clib/signal.s                         0x00000000   Number         0  defsig.o ABSOLUTE
    ../clib/stdlib.c                         0x00000000   Number         0  exit.o ABSOLUTE
    ../fplib/d2f.s                           0x00000000   Number         0  d2f.o ABSOLUTE
    ../fplib/ddiv.s                          0x00000000   Number         0  ddiv.o ABSOLUTE
    ../fplib/dnaninf.s                       0x00000000   Number         0  dnaninf.o ABSOLUTE
    ../fplib/dretinf.s                       0x00000000   Number         0  dretinf.o ABSOLUTE
    ../fplib/f2d.s                           0x00000000   Number         0  f2d.o ABSOLUTE
    ../fplib/faddsub.s                       0x00000000   Number         0  faddsub_clz.o ABSOLUTE
    ../fplib/fcmpi.s                         0x00000000   Number         0  fcmpi.o ABSOLUTE
    ../fplib/fdiv.s                          0x00000000   Number         0  fdiv.o ABSOLUTE
    ../fplib/ffixu.s                         0x00000000   Number         0  ffixu.o ABSOLUTE
    ../fplib/fflt.s                          0x00000000   Number         0  fflt_clz.o ABSOLUTE
    ../fplib/fleqf.s                         0x00000000   Number         0  fleqf.o ABSOLUTE
    ../fplib/fmul.s                          0x00000000   Number         0  fmul.o ABSOLUTE
    ../fplib/fnaninf.s                       0x00000000   Number         0  fnaninf.o ABSOLUTE
    ../fplib/fpinit.s                        0x00000000   Number         0  fpinit.o ABSOLUTE
    ../fplib/fretinf.s                       0x00000000   Number         0  fretinf.o ABSOLUTE
    ../fplib/frleqf.s                        0x00000000   Number         0  frleqf.o ABSOLUTE
    ../fplib/usenofp.s                       0x00000000   Number         0  usenofp.o ABSOLUTE
    ..\\at32f415_board\\at32f415_board.c     0x00000000   Number         0  at32f415_board.o ABSOLUTE
    ..\\at32f415_board\\at32f415_clock.c     0x00000000   Number         0  at32f415_clock.o ABSOLUTE
    ..\\at32f415_board\\at32f415_int.c       0x00000000   Number         0  at32f415_int.o ABSOLUTE
    ..\\libraries\\cmsis\\cm4\\device_support\\system_at32f415.c 0x00000000   Number         0  system_at32f415.o ABSOLUTE
    ..\\libraries\\drivers\\src\\at32f415_adc.c 0x00000000   Number         0  at32f415_adc.o ABSOLUTE
    ..\\libraries\\drivers\\src\\at32f415_crm.c 0x00000000   Number         0  at32f415_crm.o ABSOLUTE
    ..\\libraries\\drivers\\src\\at32f415_dma.c 0x00000000   Number         0  at32f415_dma.o ABSOLUTE
    ..\\libraries\\drivers\\src\\at32f415_exint.c 0x00000000   Number         0  at32f415_exint.o ABSOLUTE
    ..\\libraries\\drivers\\src\\at32f415_gpio.c 0x00000000   Number         0  at32f415_gpio.o ABSOLUTE
    ..\\libraries\\drivers\\src\\at32f415_i2c.c 0x00000000   Number         0  at32f415_i2c.o ABSOLUTE
    ..\\libraries\\drivers\\src\\at32f415_misc.c 0x00000000   Number         0  at32f415_misc.o ABSOLUTE
    ..\\libraries\\drivers\\src\\at32f415_tmr.c 0x00000000   Number         0  at32f415_tmr.o ABSOLUTE
    ..\\libraries\\drivers\\src\\at32f415_usart.c 0x00000000   Number         0  at32f415_usart.o ABSOLUTE
    ..\\user\\main.c                         0x00000000   Number         0  main.o ABSOLUTE
    ..\at32f415_board\at32f415_board.c       0x00000000   Number         0  at32f415_board.o ABSOLUTE
    ..\at32f415_board\at32f415_clock.c       0x00000000   Number         0  at32f415_clock.o ABSOLUTE
    ..\at32f415_board\at32f415_int.c         0x00000000   Number         0  at32f415_int.o ABSOLUTE
    ..\libraries\cmsis\cm4\device_support\startup\mdk\startup_at32f415.s 0x00000000   Number         0  startup_at32f415.o ABSOLUTE
    ..\libraries\cmsis\cm4\device_support\system_at32f415.c 0x00000000   Number         0  system_at32f415.o ABSOLUTE
    ..\libraries\drivers\src\at32f415_adc.c  0x00000000   Number         0  at32f415_adc.o ABSOLUTE
    ..\libraries\drivers\src\at32f415_crm.c  0x00000000   Number         0  at32f415_crm.o ABSOLUTE
    ..\libraries\drivers\src\at32f415_dma.c  0x00000000   Number         0  at32f415_dma.o ABSOLUTE
    ..\libraries\drivers\src\at32f415_exint.c 0x00000000   Number         0  at32f415_exint.o ABSOLUTE
    ..\libraries\drivers\src\at32f415_gpio.c 0x00000000   Number         0  at32f415_gpio.o ABSOLUTE
    ..\libraries\drivers\src\at32f415_i2c.c  0x00000000   Number         0  at32f415_i2c.o ABSOLUTE
    ..\libraries\drivers\src\at32f415_misc.c 0x00000000   Number         0  at32f415_misc.o ABSOLUTE
    ..\libraries\drivers\src\at32f415_tmr.c  0x00000000   Number         0  at32f415_tmr.o ABSOLUTE
    ..\libraries\drivers\src\at32f415_usart.c 0x00000000   Number         0  at32f415_usart.o ABSOLUTE
    ..\user\main.c                           0x00000000   Number         0  main.o ABSOLUTE
    dc.s                                     0x00000000   Number         0  dc.o ABSOLUTE
    RESET                                    0x08000000   Section      368  startup_at32f415.o(RESET)
    !!!main                                  0x08000170   Section        8  __main.o(!!!main)
    !!!scatter                               0x08000178   Section       52  __scatter.o(!!!scatter)
    !!handler_copy                           0x080001ac   Section       26  __scatter_copy.o(!!handler_copy)
    !!handler_zi                             0x080001c8   Section       28  __scatter_zi.o(!!handler_zi)
    .ARM.Collect$$libinit$$00000000          0x080001e4   Section        2  libinit.o(.ARM.Collect$$libinit$$00000000)
    .ARM.Collect$$libinit$$00000002          0x080001e6   Section        0  libinit2.o(.ARM.Collect$$libinit$$00000002)
    .ARM.Collect$$libinit$$00000004          0x080001e6   Section        0  libinit2.o(.ARM.Collect$$libinit$$00000004)
    .ARM.Collect$$libinit$$0000000A          0x080001e6   Section        0  libinit2.o(.ARM.Collect$$libinit$$0000000A)
    .ARM.Collect$$libinit$$0000000C          0x080001e6   Section        0  libinit2.o(.ARM.Collect$$libinit$$0000000C)
    .ARM.Collect$$libinit$$0000000E          0x080001e6   Section        0  libinit2.o(.ARM.Collect$$libinit$$0000000E)
    .ARM.Collect$$libinit$$00000011          0x080001e6   Section        0  libinit2.o(.ARM.Collect$$libinit$$00000011)
    .ARM.Collect$$libinit$$00000013          0x080001e6   Section        0  libinit2.o(.ARM.Collect$$libinit$$00000013)
    .ARM.Collect$$libinit$$00000015          0x080001e6   Section        0  libinit2.o(.ARM.Collect$$libinit$$00000015)
    .ARM.Collect$$libinit$$00000017          0x080001e6   Section        0  libinit2.o(.ARM.Collect$$libinit$$00000017)
    .ARM.Collect$$libinit$$00000019          0x080001e6   Section        0  libinit2.o(.ARM.Collect$$libinit$$00000019)
    .ARM.Collect$$libinit$$0000001B          0x080001e6   Section        0  libinit2.o(.ARM.Collect$$libinit$$0000001B)
    .ARM.Collect$$libinit$$0000001D          0x080001e6   Section        0  libinit2.o(.ARM.Collect$$libinit$$0000001D)
    .ARM.Collect$$libinit$$0000001F          0x080001e6   Section        0  libinit2.o(.ARM.Collect$$libinit$$0000001F)
    .ARM.Collect$$libinit$$00000021          0x080001e6   Section        0  libinit2.o(.ARM.Collect$$libinit$$00000021)
    .ARM.Collect$$libinit$$00000023          0x080001e6   Section        0  libinit2.o(.ARM.Collect$$libinit$$00000023)
    .ARM.Collect$$libinit$$00000025          0x080001e6   Section        0  libinit2.o(.ARM.Collect$$libinit$$00000025)
    .ARM.Collect$$libinit$$0000002C          0x080001e6   Section        0  libinit2.o(.ARM.Collect$$libinit$$0000002C)
    .ARM.Collect$$libinit$$0000002E          0x080001e6   Section        0  libinit2.o(.ARM.Collect$$libinit$$0000002E)
    .ARM.Collect$$libinit$$00000030          0x080001e6   Section        0  libinit2.o(.ARM.Collect$$libinit$$00000030)
    .ARM.Collect$$libinit$$00000032          0x080001e6   Section        0  libinit2.o(.ARM.Collect$$libinit$$00000032)
    .ARM.Collect$$libinit$$00000033          0x080001e6   Section        2  libinit2.o(.ARM.Collect$$libinit$$00000033)
    .ARM.Collect$$libshutdown$$00000000      0x080001e8   Section        2  libshutdown.o(.ARM.Collect$$libshutdown$$00000000)
    .ARM.Collect$$libshutdown$$00000002      0x080001ea   Section        0  libshutdown2.o(.ARM.Collect$$libshutdown$$00000002)
    .ARM.Collect$$libshutdown$$00000004      0x080001ea   Section        0  libshutdown2.o(.ARM.Collect$$libshutdown$$00000004)
    .ARM.Collect$$libshutdown$$00000006      0x080001ea   Section        0  libshutdown2.o(.ARM.Collect$$libshutdown$$00000006)
    .ARM.Collect$$libshutdown$$00000009      0x080001ea   Section        0  libshutdown2.o(.ARM.Collect$$libshutdown$$00000009)
    .ARM.Collect$$libshutdown$$0000000C      0x080001ea   Section        0  libshutdown2.o(.ARM.Collect$$libshutdown$$0000000C)
    .ARM.Collect$$libshutdown$$0000000E      0x080001ea   Section        0  libshutdown2.o(.ARM.Collect$$libshutdown$$0000000E)
    .ARM.Collect$$libshutdown$$00000011      0x080001ea   Section        0  libshutdown2.o(.ARM.Collect$$libshutdown$$00000011)
    .ARM.Collect$$libshutdown$$00000012      0x080001ea   Section        2  libshutdown2.o(.ARM.Collect$$libshutdown$$00000012)
    .ARM.Collect$$rtentry$$00000000          0x080001ec   Section        0  __rtentry.o(.ARM.Collect$$rtentry$$00000000)
    .ARM.Collect$$rtentry$$00000002          0x080001ec   Section        0  __rtentry2.o(.ARM.Collect$$rtentry$$00000002)
    .ARM.Collect$$rtentry$$00000004          0x080001ec   Section        6  __rtentry4.o(.ARM.Collect$$rtentry$$00000004)
    .ARM.Collect$$rtentry$$00000009          0x080001f2   Section        0  __rtentry2.o(.ARM.Collect$$rtentry$$00000009)
    .ARM.Collect$$rtentry$$0000000A          0x080001f2   Section        4  __rtentry2.o(.ARM.Collect$$rtentry$$0000000A)
    .ARM.Collect$$rtentry$$0000000C          0x080001f6   Section        0  __rtentry2.o(.ARM.Collect$$rtentry$$0000000C)
    .ARM.Collect$$rtentry$$0000000D          0x080001f6   Section        8  __rtentry2.o(.ARM.Collect$$rtentry$$0000000D)
    .ARM.Collect$$rtexit$$00000000           0x080001fe   Section        2  rtexit.o(.ARM.Collect$$rtexit$$00000000)
    .ARM.Collect$$rtexit$$00000002           0x08000200   Section        0  rtexit2.o(.ARM.Collect$$rtexit$$00000002)
    .ARM.Collect$$rtexit$$00000003           0x08000200   Section        4  rtexit2.o(.ARM.Collect$$rtexit$$00000003)
    .ARM.Collect$$rtexit$$00000004           0x08000204   Section        6  rtexit2.o(.ARM.Collect$$rtexit$$00000004)
    .text                                    0x0800020c   Section       64  startup_at32f415.o(.text)
    .text                                    0x0800024c   Section        2  use_no_semi_2.o(.text)
    .text                                    0x0800024e   Section      238  lludivv7m.o(.text)
    .text                                    0x0800033c   Section        0  heapauxi.o(.text)
    .text                                    0x08000342   Section        2  use_no_semi.o(.text)
    .text                                    0x08000344   Section       74  sys_stackheap_outer.o(.text)
    .text                                    0x0800038e   Section        0  exit.o(.text)
    .text                                    0x080003a0   Section        8  libspace.o(.text)
    i.BusFault_Handler                       0x080003a8   Section        0  at32f415_int.o(i.BusFault_Handler)
    i.DebugMon_Handler                       0x080003ac   Section        0  at32f415_int.o(i.DebugMon_Handler)
    i.HardFault_Handler                      0x080003ae   Section        0  at32f415_int.o(i.HardFault_Handler)
    i.MemManage_Handler                      0x080003b2   Section        0  at32f415_int.o(i.MemManage_Handler)
    i.NMI_Handler                            0x080003b6   Section        0  at32f415_int.o(i.NMI_Handler)
    i.PendSV_Handler                         0x080003b8   Section        0  at32f415_int.o(i.PendSV_Handler)
    i.SVC_Handler                            0x080003ba   Section        0  at32f415_int.o(i.SVC_Handler)
    i.Speed_set                              0x080003bc   Section        0  main.o(i.Speed_set)
    Speed_set                                0x080003bd   Thumb Code   156  main.o(i.Speed_set)
    i.SysTick_Handler                        0x08000488   Section        0  at32f415_int.o(i.SysTick_Handler)
    i.SystemInit                             0x0800048c   Section        0  system_at32f415.o(i.SystemInit)
    i.TMR2_GLOBAL_IRQHandler                 0x08000528   Section        0  main.o(i.TMR2_GLOBAL_IRQHandler)
    i.UsageFault_Handler                     0x08000688   Section        0  at32f415_int.o(i.UsageFault_Handler)
    i._sys_exit                              0x0800068c   Section        0  at32f415_board.o(i._sys_exit)
    i.adc_base_config                        0x0800068e   Section        0  at32f415_adc.o(i.adc_base_config)
    i.adc_base_default_para_init             0x080006ba   Section        0  at32f415_adc.o(i.adc_base_default_para_init)
    i.adc_calibration_init                   0x080006c8   Section        0  at32f415_adc.o(i.adc_calibration_init)
    i.adc_calibration_init_status_get        0x080006d4   Section        0  at32f415_adc.o(i.adc_calibration_init_status_get)
    i.adc_calibration_start                  0x080006e6   Section        0  at32f415_adc.o(i.adc_calibration_start)
    i.adc_calibration_status_get             0x080006f2   Section        0  at32f415_adc.o(i.adc_calibration_status_get)
    i.adc_dma_mode_enable                    0x08000704   Section        0  at32f415_adc.o(i.adc_dma_mode_enable)
    i.adc_enable                             0x0800070e   Section        0  at32f415_adc.o(i.adc_enable)
    i.adc_init                               0x08000718   Section        0  main.o(i.adc_init)
    adc_init                                 0x08000719   Thumb Code   332  main.o(i.adc_init)
    i.adc_ordinary_channel_set               0x0800087c   Section        0  at32f415_adc.o(i.adc_ordinary_channel_set)
    i.adc_ordinary_conversion_trigger_set    0x08000924   Section        0  at32f415_adc.o(i.adc_ordinary_conversion_trigger_set)
    i.adc_ordinary_software_trigger_enable   0x08000958   Section        0  at32f415_adc.o(i.adc_ordinary_software_trigger_enable)
    i.adc_reset                              0x08000964   Section        0  at32f415_adc.o(i.adc_reset)
    i.at32_board_init                        0x08000988   Section        0  at32f415_board.o(i.at32_board_init)
    i.crm_ahb_div_set                        0x08000990   Section        0  at32f415_crm.o(i.crm_ahb_div_set)
    i.crm_apb1_div_set                       0x080009a4   Section        0  at32f415_crm.o(i.crm_apb1_div_set)
    i.crm_apb2_div_set                       0x080009b8   Section        0  at32f415_crm.o(i.crm_apb2_div_set)
    i.crm_auto_step_mode_enable              0x080009cc   Section        0  at32f415_crm.o(i.crm_auto_step_mode_enable)
    i.crm_clock_source_enable                0x080009f4   Section        0  at32f415_crm.o(i.crm_clock_source_enable)
    i.crm_flag_get                           0x08000a54   Section        0  at32f415_crm.o(i.crm_flag_get)
    i.crm_hext_stable_wait                   0x08000a84   Section        0  at32f415_crm.o(i.crm_hext_stable_wait)
    i.crm_periph_clock_enable                0x08000ab4   Section        0  at32f415_crm.o(i.crm_periph_clock_enable)
    i.crm_periph_reset                       0x08000af8   Section        0  at32f415_crm.o(i.crm_periph_reset)
    i.crm_pll_config                         0x08000b3c   Section        0  at32f415_crm.o(i.crm_pll_config)
    i.crm_reset                              0x08000c54   Section        0  at32f415_crm.o(i.crm_reset)
    i.crm_sysclk_switch                      0x08000cb8   Section        0  at32f415_crm.o(i.crm_sysclk_switch)
    i.crm_sysclk_switch_status_get           0x08000cf4   Section        0  at32f415_crm.o(i.crm_sysclk_switch_status_get)
    i.current_offset_calibration             0x08000d04   Section        0  main.o(i.current_offset_calibration)
    current_offset_calibration               0x08000d05   Thumb Code   174  main.o(i.current_offset_calibration)
    i.current_sample                         0x08000dcc   Section        0  main.o(i.current_sample)
    current_sample                           0x08000dcd   Thumb Code   494  main.o(i.current_sample)
    i.delay_init                             0x08000ffc   Section        0  at32f415_board.o(i.delay_init)
    i.dma_channel_enable                     0x08001034   Section        0  at32f415_dma.o(i.dma_channel_enable)
    i.dma_default_para_init                  0x0800103e   Section        0  at32f415_dma.o(i.dma_default_para_init)
    i.dma_flag_clear                         0x08001058   Section        0  at32f415_dma.o(i.dma_flag_clear)
    i.dma_flag_get                           0x08001078   Section        0  at32f415_dma.o(i.dma_flag_get)
    i.dma_flexible_config                    0x080010a4   Section        0  at32f415_dma.o(i.dma_flexible_config)
    i.dma_init                               0x0800113c   Section        0  at32f415_dma.o(i.dma_init)
    i.dma_reset                              0x08001198   Section        0  at32f415_dma.o(i.dma_reset)
    i.gpio_bits_reset                        0x08001208   Section        0  at32f415_gpio.o(i.gpio_bits_reset)
    i.gpio_bits_set                          0x0800120c   Section        0  at32f415_gpio.o(i.gpio_bits_set)
    i.gpio_default_para_init                 0x08001210   Section        0  at32f415_gpio.o(i.gpio_default_para_init)
    i.gpio_init                              0x08001226   Section        0  at32f415_gpio.o(i.gpio_init)
    i.gpio_input_data_bit_read               0x080012ce   Section        0  at32f415_gpio.o(i.gpio_input_data_bit_read)
    i.gpio_pin_remap_config                  0x080012e0   Section        0  at32f415_gpio.o(i.gpio_pin_remap_config)
    i.hall_speed_init                        0x0800132c   Section        0  main.o(i.hall_speed_init)
    hall_speed_init                          0x0800132d   Thumb Code   194  main.o(i.hall_speed_init)
    i.main                                   0x08001404   Section        0  main.o(i.main)
    i.motor_commutate                        0x0800147c   Section        0  main.o(i.motor_commutate)
    motor_commutate                          0x0800147d   Thumb Code   124  main.o(i.motor_commutate)
    i.motor_pwm_init                         0x08001508   Section        0  main.o(i.motor_pwm_init)
    motor_pwm_init                           0x08001509   Thumb Code   400  main.o(i.motor_pwm_init)
    i.nvic_irq_enable                        0x080016a8   Section        0  at32f415_misc.o(i.nvic_irq_enable)
    i.nvic_priority_group_config             0x08001770   Section        0  at32f415_misc.o(i.nvic_priority_group_config)
    i.set_high_phase                         0x08001798   Section        0  main.o(i.set_high_phase)
    set_high_phase                           0x08001799   Thumb Code   154  main.o(i.set_high_phase)
    i.set_low_phase                          0x08001840   Section        0  main.o(i.set_low_phase)
    set_low_phase                            0x08001841   Thumb Code    92  main.o(i.set_low_phase)
    i.system_clock_config                    0x080018a4   Section        0  at32f415_clock.o(i.system_clock_config)
    i.system_core_clock_update               0x08001918   Section        0  system_at32f415.o(i.system_core_clock_update)
    i.systick_clock_source_config            0x08001a74   Section        0  at32f415_misc.o(i.systick_clock_source_config)
    i.tmr_32_bit_function_enable             0x08001a9c   Section        0  at32f415_tmr.o(i.tmr_32_bit_function_enable)
    i.tmr_base_init                          0x08001ab8   Section        0  at32f415_tmr.o(i.tmr_base_init)
    i.tmr_brkdt_config                       0x08001ac8   Section        0  at32f415_tmr.o(i.tmr_brkdt_config)
    i.tmr_brkdt_default_para_init            0x08001b10   Section        0  at32f415_tmr.o(i.tmr_brkdt_default_para_init)
    i.tmr_channel1_input_select              0x08001b22   Section        0  at32f415_tmr.o(i.tmr_channel1_input_select)
    i.tmr_channel_value_get                  0x08001b2c   Section        0  at32f415_tmr.o(i.tmr_channel_value_get)
    i.tmr_channel_value_set                  0x08001b5a   Section        0  at32f415_tmr.o(i.tmr_channel_value_set)
    i.tmr_cnt_dir_set                        0x08001b82   Section        0  at32f415_tmr.o(i.tmr_cnt_dir_set)
    i.tmr_counter_enable                     0x08001b8c   Section        0  at32f415_tmr.o(i.tmr_counter_enable)
    i.tmr_flag_clear                         0x08001b96   Section        0  at32f415_tmr.o(i.tmr_flag_clear)
    i.tmr_hall_select                        0x08001b9c   Section        0  at32f415_tmr.o(i.tmr_hall_select)
    i.tmr_input_channel_init                 0x08001ba6   Section        0  at32f415_tmr.o(i.tmr_input_channel_init)
    i.tmr_input_default_para_init            0x08001cd6   Section        0  at32f415_tmr.o(i.tmr_input_default_para_init)
    i.tmr_interrupt_enable                   0x08001ce6   Section        0  at32f415_tmr.o(i.tmr_interrupt_enable)
    i.tmr_interrupt_flag_get                 0x08001cfc   Section        0  at32f415_tmr.o(i.tmr_interrupt_flag_get)
    i.tmr_output_channel_config              0x08001d14   Section        0  at32f415_tmr.o(i.tmr_output_channel_config)
    i.tmr_output_default_para_init           0x08001ee4   Section        0  at32f415_tmr.o(i.tmr_output_default_para_init)
    i.tmr_output_enable                      0x08001ef6   Section        0  at32f415_tmr.o(i.tmr_output_enable)
    x$fpl$d2f                                0x08001f00   Section       98  d2f.o(x$fpl$d2f)
    x$fpl$ddiv                               0x08001f64   Section      688  ddiv.o(x$fpl$ddiv)
    ddiv_entry                               0x08001f6b   Thumb Code     0  ddiv.o(x$fpl$ddiv)
    x$fpl$dnaninf                            0x08002214   Section      156  dnaninf.o(x$fpl$dnaninf)
    x$fpl$dretinf                            0x080022b0   Section       12  dretinf.o(x$fpl$dretinf)
    x$fpl$f2d                                0x080022bc   Section       86  f2d.o(x$fpl$f2d)
    x$fpl$fadd                               0x08002314   Section      196  faddsub_clz.o(x$fpl$fadd)
    _fadd1                                   0x08002323   Thumb Code     0  faddsub_clz.o(x$fpl$fadd)
    x$fpl$fcmpinf                            0x080023d8   Section       24  fcmpi.o(x$fpl$fcmpinf)
    x$fpl$fdiv                               0x080023f0   Section      388  fdiv.o(x$fpl$fdiv)
    _fdiv1                                   0x080023f1   Thumb Code     0  fdiv.o(x$fpl$fdiv)
    x$fpl$ffixu                              0x08002574   Section       62  ffixu.o(x$fpl$ffixu)
    x$fpl$ffltu                              0x080025b4   Section       38  fflt_clz.o(x$fpl$ffltu)
    x$fpl$fleqf                              0x080025dc   Section      104  fleqf.o(x$fpl$fleqf)
    x$fpl$fmul                               0x08002644   Section      258  fmul.o(x$fpl$fmul)
    x$fpl$fnaninf                            0x08002746   Section      140  fnaninf.o(x$fpl$fnaninf)
    x$fpl$fretinf                            0x080027d2   Section       10  fretinf.o(x$fpl$fretinf)
    x$fpl$frleqf                             0x080027dc   Section       98  frleqf.o(x$fpl$frleqf)
    x$fpl$fsub                               0x08002840   Section      234  faddsub_clz.o(x$fpl$fsub)
    _fsub1                                   0x0800284f   Thumb Code     0  faddsub_clz.o(x$fpl$fsub)
    .constdata                               0x0800292a   Section       16  main.o(.constdata)
    x$fpl$usenofp                            0x0800292a   Section        0  usenofp.o(x$fpl$usenofp)
    comm_table_forward                       0x0800292a   Data          16  main.o(.constdata)
    .constdata                               0x0800293a   Section       16  system_at32f415.o(.constdata)
    sys_ahb_div_table                        0x0800293a   Data          16  system_at32f415.o(.constdata)
    .data                                    0x20000000   Section      117  main.o(.data)
    f_pa2_value                              0x20000060   Data           4  main.o(.data)
    f_pa2_percent                            0x20000064   Data           4  main.o(.data)
    filt_u                                   0x20000068   Data           4  main.o(.data)
    filt_v                                   0x2000006c   Data           4  main.o(.data)
    filt_w                                   0x20000070   Data           4  main.o(.data)
    first_call                               0x20000074   Data           1  main.o(.data)
    .data                                    0x20000078   Section       12  at32f415_board.o(.data)
    fac_us                                   0x20000078   Data           4  at32f415_board.o(.data)
    fac_ms                                   0x2000007c   Data           4  at32f415_board.o(.data)
    .data                                    0x20000084   Section        4  system_at32f415.o(.data)
    .bss                                     0x20000088   Section       96  libspace.o(.bss)
    HEAP                                     0x200000e8   Section      512  startup_at32f415.o(HEAP)
    Heap_Mem                                 0x200000e8   Data         512  startup_at32f415.o(HEAP)
    STACK                                    0x200002e8   Section     1024  startup_at32f415.o(STACK)
    Stack_Mem                                0x200002e8   Data        1024  startup_at32f415.o(STACK)
    __initial_sp                             0x200006e8   Data           0  startup_at32f415.o(STACK)

    Global Symbols

    Symbol Name                              Value     Ov Type        Size  Object(Section)

    BuildAttributes$$THM_ISAv4$E$P$D$K$B$S$7EM$PE$A:L22UL41UL21$X:L11$S22US41US21$IEEE1$IW$USESV6$~STKCKD$USESV7$~SHL$OSPACE$ROPI$EBA8$UX$STANDARDLIB$REQ8$PRES8$EABIv2 0x00000000   Number         0  anon$$obj.o ABSOLUTE
    __ARM_use_no_argv                        0x00000000   Number         0  main.o ABSOLUTE
    __ARM_exceptions_init                     - Undefined Weak Reference
    __alloca_initialize                       - Undefined Weak Reference
    __arm_fini_                               - Undefined Weak Reference
    __arm_preinit_                            - Undefined Weak Reference
    __cpp_initialize__aeabi_                  - Undefined Weak Reference
    __cxa_finalize                            - Undefined Weak Reference
    __rt_locale                               - Undefined Weak Reference
    __sigvec_lookup                           - Undefined Weak Reference
    _atexit_init                              - Undefined Weak Reference
    _call_atexit_fns                          - Undefined Weak Reference
    _clock_init                               - Undefined Weak Reference
    _fp_trap_init                             - Undefined Weak Reference
    _fp_trap_shutdown                         - Undefined Weak Reference
    _get_lc_collate                           - Undefined Weak Reference
    _get_lc_ctype                             - Undefined Weak Reference
    _get_lc_monetary                          - Undefined Weak Reference
    _get_lc_numeric                           - Undefined Weak Reference
    _get_lc_time                              - Undefined Weak Reference
    _getenv_init                              - Undefined Weak Reference
    _handle_redirection                       - Undefined Weak Reference
    _init_alloc                               - Undefined Weak Reference
    _init_user_alloc                          - Undefined Weak Reference
    _initio                                   - Undefined Weak Reference
    _rand_init                                - Undefined Weak Reference
    _signal_finish                            - Undefined Weak Reference
    _signal_init                              - Undefined Weak Reference
    _terminate_alloc                          - Undefined Weak Reference
    _terminate_user_alloc                     - Undefined Weak Reference
    _terminateio                              - Undefined Weak Reference
    __Vectors_Size                           0x00000170   Number         0  startup_at32f415.o ABSOLUTE
    __Vectors                                0x08000000   Data           4  startup_at32f415.o(RESET)
    __Vectors_End                            0x08000170   Data           0  startup_at32f415.o(RESET)
    __main                                   0x08000171   Thumb Code     8  __main.o(!!!main)
    __scatterload                            0x08000179   Thumb Code     0  __scatter.o(!!!scatter)
    __scatterload_rt2                        0x08000179   Thumb Code    44  __scatter.o(!!!scatter)
    __scatterload_rt2_thumb_only             0x08000179   Thumb Code     0  __scatter.o(!!!scatter)
    __scatterload_null                       0x08000187   Thumb Code     0  __scatter.o(!!!scatter)
    __scatterload_copy                       0x080001ad   Thumb Code    26  __scatter_copy.o(!!handler_copy)
    __scatterload_zeroinit                   0x080001c9   Thumb Code    28  __scatter_zi.o(!!handler_zi)
    __rt_lib_init                            0x080001e5   Thumb Code     0  libinit.o(.ARM.Collect$$libinit$$00000000)
    __rt_lib_init_alloca_1                   0x080001e7   Thumb Code     0  libinit2.o(.ARM.Collect$$libinit$$0000002E)
    __rt_lib_init_argv_1                     0x080001e7   Thumb Code     0  libinit2.o(.ARM.Collect$$libinit$$0000002C)
    __rt_lib_init_atexit_1                   0x080001e7   Thumb Code     0  libinit2.o(.ARM.Collect$$libinit$$0000001B)
    __rt_lib_init_clock_1                    0x080001e7   Thumb Code     0  libinit2.o(.ARM.Collect$$libinit$$00000021)
    __rt_lib_init_cpp_1                      0x080001e7   Thumb Code     0  libinit2.o(.ARM.Collect$$libinit$$00000032)
    __rt_lib_init_exceptions_1               0x080001e7   Thumb Code     0  libinit2.o(.ARM.Collect$$libinit$$00000030)
    __rt_lib_init_fp_1                       0x080001e7   Thumb Code     0  libinit2.o(.ARM.Collect$$libinit$$00000002)
    __rt_lib_init_fp_trap_1                  0x080001e7   Thumb Code     0  libinit2.o(.ARM.Collect$$libinit$$0000001F)
    __rt_lib_init_getenv_1                   0x080001e7   Thumb Code     0  libinit2.o(.ARM.Collect$$libinit$$00000023)
    __rt_lib_init_heap_1                     0x080001e7   Thumb Code     0  libinit2.o(.ARM.Collect$$libinit$$0000000A)
    __rt_lib_init_lc_collate_1               0x080001e7   Thumb Code     0  libinit2.o(.ARM.Collect$$libinit$$00000011)
    __rt_lib_init_lc_ctype_1                 0x080001e7   Thumb Code     0  libinit2.o(.ARM.Collect$$libinit$$00000013)
    __rt_lib_init_lc_monetary_1              0x080001e7   Thumb Code     0  libinit2.o(.ARM.Collect$$libinit$$00000015)
    __rt_lib_init_lc_numeric_1               0x080001e7   Thumb Code     0  libinit2.o(.ARM.Collect$$libinit$$00000017)
    __rt_lib_init_lc_time_1                  0x080001e7   Thumb Code     0  libinit2.o(.ARM.Collect$$libinit$$00000019)
    __rt_lib_init_preinit_1                  0x080001e7   Thumb Code     0  libinit2.o(.ARM.Collect$$libinit$$00000004)
    __rt_lib_init_rand_1                     0x080001e7   Thumb Code     0  libinit2.o(.ARM.Collect$$libinit$$0000000E)
    __rt_lib_init_return                     0x080001e7   Thumb Code     0  libinit2.o(.ARM.Collect$$libinit$$00000033)
    __rt_lib_init_signal_1                   0x080001e7   Thumb Code     0  libinit2.o(.ARM.Collect$$libinit$$0000001D)
    __rt_lib_init_stdio_1                    0x080001e7   Thumb Code     0  libinit2.o(.ARM.Collect$$libinit$$00000025)
    __rt_lib_init_user_alloc_1               0x080001e7   Thumb Code     0  libinit2.o(.ARM.Collect$$libinit$$0000000C)
    __rt_lib_shutdown                        0x080001e9   Thumb Code     0  libshutdown.o(.ARM.Collect$$libshutdown$$00000000)
    __rt_lib_shutdown_cpp_1                  0x080001eb   Thumb Code     0  libshutdown2.o(.ARM.Collect$$libshutdown$$00000004)
    __rt_lib_shutdown_fini_1                 0x080001eb   Thumb Code     0  libshutdown2.o(.ARM.Collect$$libshutdown$$00000002)
    __rt_lib_shutdown_fp_trap_1              0x080001eb   Thumb Code     0  libshutdown2.o(.ARM.Collect$$libshutdown$$00000009)
    __rt_lib_shutdown_heap_1                 0x080001eb   Thumb Code     0  libshutdown2.o(.ARM.Collect$$libshutdown$$00000011)
    __rt_lib_shutdown_return                 0x080001eb   Thumb Code     0  libshutdown2.o(.ARM.Collect$$libshutdown$$00000012)
    __rt_lib_shutdown_signal_1               0x080001eb   Thumb Code     0  libshutdown2.o(.ARM.Collect$$libshutdown$$0000000C)
    __rt_lib_shutdown_stdio_1                0x080001eb   Thumb Code     0  libshutdown2.o(.ARM.Collect$$libshutdown$$00000006)
    __rt_lib_shutdown_user_alloc_1           0x080001eb   Thumb Code     0  libshutdown2.o(.ARM.Collect$$libshutdown$$0000000E)
    __rt_entry                               0x080001ed   Thumb Code     0  __rtentry.o(.ARM.Collect$$rtentry$$00000000)
    __rt_entry_presh_1                       0x080001ed   Thumb Code     0  __rtentry2.o(.ARM.Collect$$rtentry$$00000002)
    __rt_entry_sh                            0x080001ed   Thumb Code     0  __rtentry4.o(.ARM.Collect$$rtentry$$00000004)
    __rt_entry_li                            0x080001f3   Thumb Code     0  __rtentry2.o(.ARM.Collect$$rtentry$$0000000A)
    __rt_entry_postsh_1                      0x080001f3   Thumb Code     0  __rtentry2.o(.ARM.Collect$$rtentry$$00000009)
    __rt_entry_main                          0x080001f7   Thumb Code     0  __rtentry2.o(.ARM.Collect$$rtentry$$0000000D)
    __rt_entry_postli_1                      0x080001f7   Thumb Code     0  __rtentry2.o(.ARM.Collect$$rtentry$$0000000C)
    __rt_exit                                0x080001ff   Thumb Code     0  rtexit.o(.ARM.Collect$$rtexit$$00000000)
    __rt_exit_ls                             0x08000201   Thumb Code     0  rtexit2.o(.ARM.Collect$$rtexit$$00000003)
    __rt_exit_prels_1                        0x08000201   Thumb Code     0  rtexit2.o(.ARM.Collect$$rtexit$$00000002)
    __rt_exit_exit                           0x08000205   Thumb Code     0  rtexit2.o(.ARM.Collect$$rtexit$$00000004)
    Reset_Handler                            0x0800020d   Thumb Code     8  startup_at32f415.o(.text)
    ADC1_IRQHandler                          0x08000227   Thumb Code     0  startup_at32f415.o(.text)
    CAN1_RX0_IRQHandler                      0x08000227   Thumb Code     0  startup_at32f415.o(.text)
    CAN1_RX1_IRQHandler                      0x08000227   Thumb Code     0  startup_at32f415.o(.text)
    CAN1_SE_IRQHandler                       0x08000227   Thumb Code     0  startup_at32f415.o(.text)
    CAN1_TX_IRQHandler                       0x08000227   Thumb Code     0  startup_at32f415.o(.text)
    CMP1_IRQHandler                          0x08000227   Thumb Code     0  startup_at32f415.o(.text)
    CMP2_IRQHandler                          0x08000227   Thumb Code     0  startup_at32f415.o(.text)
    CRM_IRQHandler                           0x08000227   Thumb Code     0  startup_at32f415.o(.text)
    DMA1_Channel1_IRQHandler                 0x08000227   Thumb Code     0  startup_at32f415.o(.text)
    DMA1_Channel2_IRQHandler                 0x08000227   Thumb Code     0  startup_at32f415.o(.text)
    DMA1_Channel3_IRQHandler                 0x08000227   Thumb Code     0  startup_at32f415.o(.text)
    DMA1_Channel4_IRQHandler                 0x08000227   Thumb Code     0  startup_at32f415.o(.text)
    DMA1_Channel5_IRQHandler                 0x08000227   Thumb Code     0  startup_at32f415.o(.text)
    DMA1_Channel6_IRQHandler                 0x08000227   Thumb Code     0  startup_at32f415.o(.text)
    DMA1_Channel7_IRQHandler                 0x08000227   Thumb Code     0  startup_at32f415.o(.text)
    DMA2_Channel1_IRQHandler                 0x08000227   Thumb Code     0  startup_at32f415.o(.text)
    DMA2_Channel2_IRQHandler                 0x08000227   Thumb Code     0  startup_at32f415.o(.text)
    DMA2_Channel3_IRQHandler                 0x08000227   Thumb Code     0  startup_at32f415.o(.text)
    DMA2_Channel4_5_IRQHandler               0x08000227   Thumb Code     0  startup_at32f415.o(.text)
    DMA2_Channel6_7_IRQHandler               0x08000227   Thumb Code     0  startup_at32f415.o(.text)
    ERTCAlarm_IRQHandler                     0x08000227   Thumb Code     0  startup_at32f415.o(.text)
    ERTC_WKUP_IRQHandler                     0x08000227   Thumb Code     0  startup_at32f415.o(.text)
    EXINT0_IRQHandler                        0x08000227   Thumb Code     0  startup_at32f415.o(.text)
    EXINT15_10_IRQHandler                    0x08000227   Thumb Code     0  startup_at32f415.o(.text)
    EXINT1_IRQHandler                        0x08000227   Thumb Code     0  startup_at32f415.o(.text)
    EXINT2_IRQHandler                        0x08000227   Thumb Code     0  startup_at32f415.o(.text)
    EXINT3_IRQHandler                        0x08000227   Thumb Code     0  startup_at32f415.o(.text)
    EXINT4_IRQHandler                        0x08000227   Thumb Code     0  startup_at32f415.o(.text)
    EXINT9_5_IRQHandler                      0x08000227   Thumb Code     0  startup_at32f415.o(.text)
    FLASH_IRQHandler                         0x08000227   Thumb Code     0  startup_at32f415.o(.text)
    I2C1_ERR_IRQHandler                      0x08000227   Thumb Code     0  startup_at32f415.o(.text)
    I2C1_EVT_IRQHandler                      0x08000227   Thumb Code     0  startup_at32f415.o(.text)
    I2C2_ERR_IRQHandler                      0x08000227   Thumb Code     0  startup_at32f415.o(.text)
    I2C2_EVT_IRQHandler                      0x08000227   Thumb Code     0  startup_at32f415.o(.text)
    OTGFS1_IRQHandler                        0x08000227   Thumb Code     0  startup_at32f415.o(.text)
    OTGFS1_WKUP_IRQHandler                   0x08000227   Thumb Code     0  startup_at32f415.o(.text)
    PVM_IRQHandler                           0x08000227   Thumb Code     0  startup_at32f415.o(.text)
    SDIO1_IRQHandler                         0x08000227   Thumb Code     0  startup_at32f415.o(.text)
    SPI1_IRQHandler                          0x08000227   Thumb Code     0  startup_at32f415.o(.text)
    SPI2_IRQHandler                          0x08000227   Thumb Code     0  startup_at32f415.o(.text)
    TAMP_STAMP_IRQHandler                    0x08000227   Thumb Code     0  startup_at32f415.o(.text)
    TMR1_BRK_TMR9_IRQHandler                 0x08000227   Thumb Code     0  startup_at32f415.o(.text)
    TMR1_CH_IRQHandler                       0x08000227   Thumb Code     0  startup_at32f415.o(.text)
    TMR1_OVF_TMR10_IRQHandler                0x08000227   Thumb Code     0  startup_at32f415.o(.text)
    TMR1_TRG_HALL_TMR11_IRQHandler           0x08000227   Thumb Code     0  startup_at32f415.o(.text)
    TMR3_GLOBAL_IRQHandler                   0x08000227   Thumb Code     0  startup_at32f415.o(.text)
    TMR4_GLOBAL_IRQHandler                   0x08000227   Thumb Code     0  startup_at32f415.o(.text)
    TMR5_GLOBAL_IRQHandler                   0x08000227   Thumb Code     0  startup_at32f415.o(.text)
    UART4_IRQHandler                         0x08000227   Thumb Code     0  startup_at32f415.o(.text)
    UART5_IRQHandler                         0x08000227   Thumb Code     0  startup_at32f415.o(.text)
    USART1_IRQHandler                        0x08000227   Thumb Code     0  startup_at32f415.o(.text)
    USART2_IRQHandler                        0x08000227   Thumb Code     0  startup_at32f415.o(.text)
    USART3_IRQHandler                        0x08000227   Thumb Code     0  startup_at32f415.o(.text)
    WWDT_IRQHandler                          0x08000227   Thumb Code     0  startup_at32f415.o(.text)
    __user_initial_stackheap                 0x08000229   Thumb Code     0  startup_at32f415.o(.text)
    __use_no_semihosting                     0x0800024d   Thumb Code     2  use_no_semi_2.o(.text)
    __aeabi_uldivmod                         0x0800024f   Thumb Code     0  lludivv7m.o(.text)
    _ll_udiv                                 0x0800024f   Thumb Code   238  lludivv7m.o(.text)
    __use_two_region_memory                  0x0800033d   Thumb Code     2  heapauxi.o(.text)
    __rt_heap_escrow$2region                 0x0800033f   Thumb Code     2  heapauxi.o(.text)
    __rt_heap_expand$2region                 0x08000341   Thumb Code     2  heapauxi.o(.text)
    __I$use$semihosting                      0x08000343   Thumb Code     0  use_no_semi.o(.text)
    __use_no_semihosting_swi                 0x08000343   Thumb Code     2  use_no_semi.o(.text)
    __user_setup_stackheap                   0x08000345   Thumb Code    74  sys_stackheap_outer.o(.text)
    exit                                     0x0800038f   Thumb Code    18  exit.o(.text)
    __user_libspace                          0x080003a1   Thumb Code     8  libspace.o(.text)
    __user_perproc_libspace                  0x080003a1   Thumb Code     0  libspace.o(.text)
    __user_perthread_libspace                0x080003a1   Thumb Code     0  libspace.o(.text)
    BusFault_Handler                         0x080003a9   Thumb Code     4  at32f415_int.o(i.BusFault_Handler)
    DebugMon_Handler                         0x080003ad   Thumb Code     2  at32f415_int.o(i.DebugMon_Handler)
    HardFault_Handler                        0x080003af   Thumb Code     4  at32f415_int.o(i.HardFault_Handler)
    MemManage_Handler                        0x080003b3   Thumb Code     4  at32f415_int.o(i.MemManage_Handler)
    NMI_Handler                              0x080003b7   Thumb Code     2  at32f415_int.o(i.NMI_Handler)
    PendSV_Handler                           0x080003b9   Thumb Code     2  at32f415_int.o(i.PendSV_Handler)
    SVC_Handler                              0x080003bb   Thumb Code     2  at32f415_int.o(i.SVC_Handler)
    SysTick_Handler                          0x08000489   Thumb Code     2  at32f415_int.o(i.SysTick_Handler)
    SystemInit                               0x0800048d   Thumb Code   138  system_at32f415.o(i.SystemInit)
    TMR2_GLOBAL_IRQHandler                   0x08000529   Thumb Code   286  main.o(i.TMR2_GLOBAL_IRQHandler)
    UsageFault_Handler                       0x08000689   Thumb Code     4  at32f415_int.o(i.UsageFault_Handler)
    _sys_exit                                0x0800068d   Thumb Code     2  at32f415_board.o(i._sys_exit)
    adc_base_config                          0x0800068f   Thumb Code    44  at32f415_adc.o(i.adc_base_config)
    adc_base_default_para_init               0x080006bb   Thumb Code    14  at32f415_adc.o(i.adc_base_default_para_init)
    adc_calibration_init                     0x080006c9   Thumb Code    12  at32f415_adc.o(i.adc_calibration_init)
    adc_calibration_init_status_get          0x080006d5   Thumb Code    18  at32f415_adc.o(i.adc_calibration_init_status_get)
    adc_calibration_start                    0x080006e7   Thumb Code    12  at32f415_adc.o(i.adc_calibration_start)
    adc_calibration_status_get               0x080006f3   Thumb Code    18  at32f415_adc.o(i.adc_calibration_status_get)
    adc_dma_mode_enable                      0x08000705   Thumb Code    10  at32f415_adc.o(i.adc_dma_mode_enable)
    adc_enable                               0x0800070f   Thumb Code    10  at32f415_adc.o(i.adc_enable)
    adc_ordinary_channel_set                 0x0800087d   Thumb Code   168  at32f415_adc.o(i.adc_ordinary_channel_set)
    adc_ordinary_conversion_trigger_set      0x08000925   Thumb Code    52  at32f415_adc.o(i.adc_ordinary_conversion_trigger_set)
    adc_ordinary_software_trigger_enable     0x08000959   Thumb Code    10  at32f415_adc.o(i.adc_ordinary_software_trigger_enable)
    adc_reset                                0x08000965   Thumb Code    28  at32f415_adc.o(i.adc_reset)
    at32_board_init                          0x08000989   Thumb Code     8  at32f415_board.o(i.at32_board_init)
    crm_ahb_div_set                          0x08000991   Thumb Code    14  at32f415_crm.o(i.crm_ahb_div_set)
    crm_apb1_div_set                         0x080009a5   Thumb Code    14  at32f415_crm.o(i.crm_apb1_div_set)
    crm_apb2_div_set                         0x080009b9   Thumb Code    14  at32f415_crm.o(i.crm_apb2_div_set)
    crm_auto_step_mode_enable                0x080009cd   Thumb Code    34  at32f415_crm.o(i.crm_auto_step_mode_enable)
    crm_clock_source_enable                  0x080009f5   Thumb Code    90  at32f415_crm.o(i.crm_clock_source_enable)
    crm_flag_get                             0x08000a55   Thumb Code    42  at32f415_crm.o(i.crm_flag_get)
    crm_hext_stable_wait                     0x08000a85   Thumb Code    46  at32f415_crm.o(i.crm_hext_stable_wait)
    crm_periph_clock_enable                  0x08000ab5   Thumb Code    62  at32f415_crm.o(i.crm_periph_clock_enable)
    crm_periph_reset                         0x08000af9   Thumb Code    62  at32f415_crm.o(i.crm_periph_reset)
    crm_pll_config                           0x08000b3d   Thumb Code   224  at32f415_crm.o(i.crm_pll_config)
    crm_reset                                0x08000c55   Thumb Code    90  at32f415_crm.o(i.crm_reset)
    crm_sysclk_switch                        0x08000cb9   Thumb Code    54  at32f415_crm.o(i.crm_sysclk_switch)
    crm_sysclk_switch_status_get             0x08000cf5   Thumb Code    10  at32f415_crm.o(i.crm_sysclk_switch_status_get)
    delay_init                               0x08000ffd   Thumb Code    38  at32f415_board.o(i.delay_init)
    dma_channel_enable                       0x08001035   Thumb Code    10  at32f415_dma.o(i.dma_channel_enable)
    dma_default_para_init                    0x0800103f   Thumb Code    24  at32f415_dma.o(i.dma_default_para_init)
    dma_flag_clear                           0x08001059   Thumb Code    22  at32f415_dma.o(i.dma_flag_clear)
    dma_flag_get                             0x08001079   Thumb Code    36  at32f415_dma.o(i.dma_flag_get)
    dma_flexible_config                      0x080010a5   Thumb Code   152  at32f415_dma.o(i.dma_flexible_config)
    dma_init                                 0x0800113d   Thumb Code    92  at32f415_dma.o(i.dma_init)
    dma_reset                                0x08001199   Thumb Code   102  at32f415_dma.o(i.dma_reset)
    gpio_bits_reset                          0x08001209   Thumb Code     4  at32f415_gpio.o(i.gpio_bits_reset)
    gpio_bits_set                            0x0800120d   Thumb Code     4  at32f415_gpio.o(i.gpio_bits_set)
    gpio_default_para_init                   0x08001211   Thumb Code    22  at32f415_gpio.o(i.gpio_default_para_init)
    gpio_init                                0x08001227   Thumb Code   168  at32f415_gpio.o(i.gpio_init)
    gpio_input_data_bit_read                 0x080012cf   Thumb Code    18  at32f415_gpio.o(i.gpio_input_data_bit_read)
    gpio_pin_remap_config                    0x080012e1   Thumb Code    70  at32f415_gpio.o(i.gpio_pin_remap_config)
    main                                     0x08001405   Thumb Code   110  main.o(i.main)
    nvic_irq_enable                          0x080016a9   Thumb Code   190  at32f415_misc.o(i.nvic_irq_enable)
    nvic_priority_group_config               0x08001771   Thumb Code    32  at32f415_misc.o(i.nvic_priority_group_config)
    system_clock_config                      0x080018a5   Thumb Code   110  at32f415_clock.o(i.system_clock_config)
    system_core_clock_update                 0x08001919   Thumb Code   316  system_at32f415.o(i.system_core_clock_update)
    systick_clock_source_config              0x08001a75   Thumb Code    40  at32f415_misc.o(i.systick_clock_source_config)
    tmr_32_bit_function_enable               0x08001a9d   Thumb Code    22  at32f415_tmr.o(i.tmr_32_bit_function_enable)
    tmr_base_init                            0x08001ab9   Thumb Code    16  at32f415_tmr.o(i.tmr_base_init)
    tmr_brkdt_config                         0x08001ac9   Thumb Code    72  at32f415_tmr.o(i.tmr_brkdt_config)
    tmr_brkdt_default_para_init              0x08001b11   Thumb Code    18  at32f415_tmr.o(i.tmr_brkdt_default_para_init)
    tmr_channel1_input_select                0x08001b23   Thumb Code    10  at32f415_tmr.o(i.tmr_channel1_input_select)
    tmr_channel_value_get                    0x08001b2d   Thumb Code    46  at32f415_tmr.o(i.tmr_channel_value_get)
    tmr_channel_value_set                    0x08001b5b   Thumb Code    40  at32f415_tmr.o(i.tmr_channel_value_set)
    tmr_cnt_dir_set                          0x08001b83   Thumb Code    10  at32f415_tmr.o(i.tmr_cnt_dir_set)
    tmr_counter_enable                       0x08001b8d   Thumb Code    10  at32f415_tmr.o(i.tmr_counter_enable)
    tmr_flag_clear                           0x08001b97   Thumb Code     6  at32f415_tmr.o(i.tmr_flag_clear)
    tmr_hall_select                          0x08001b9d   Thumb Code    10  at32f415_tmr.o(i.tmr_hall_select)
    tmr_input_channel_init                   0x08001ba7   Thumb Code   304  at32f415_tmr.o(i.tmr_input_channel_init)
    tmr_input_default_para_init              0x08001cd7   Thumb Code    16  at32f415_tmr.o(i.tmr_input_default_para_init)
    tmr_interrupt_enable                     0x08001ce7   Thumb Code    22  at32f415_tmr.o(i.tmr_interrupt_enable)
    tmr_interrupt_flag_get                   0x08001cfd   Thumb Code    24  at32f415_tmr.o(i.tmr_interrupt_flag_get)
    tmr_output_channel_config                0x08001d15   Thumb Code   464  at32f415_tmr.o(i.tmr_output_channel_config)
    tmr_output_default_para_init             0x08001ee5   Thumb Code    18  at32f415_tmr.o(i.tmr_output_default_para_init)
    tmr_output_enable                        0x08001ef7   Thumb Code    10  at32f415_tmr.o(i.tmr_output_enable)
    __aeabi_d2f                              0x08001f01   Thumb Code     0  d2f.o(x$fpl$d2f)
    _d2f                                     0x08001f01   Thumb Code    98  d2f.o(x$fpl$d2f)
    __aeabi_ddiv                             0x08001f65   Thumb Code     0  ddiv.o(x$fpl$ddiv)
    _ddiv                                    0x08001f65   Thumb Code   552  ddiv.o(x$fpl$ddiv)
    __fpl_dnaninf                            0x08002215   Thumb Code   156  dnaninf.o(x$fpl$dnaninf)
    __fpl_dretinf                            0x080022b1   Thumb Code    12  dretinf.o(x$fpl$dretinf)
    __aeabi_f2d                              0x080022bd   Thumb Code     0  f2d.o(x$fpl$f2d)
    _f2d                                     0x080022bd   Thumb Code    86  f2d.o(x$fpl$f2d)
    __aeabi_fadd                             0x08002315   Thumb Code     0  faddsub_clz.o(x$fpl$fadd)
    _fadd                                    0x08002315   Thumb Code   196  faddsub_clz.o(x$fpl$fadd)
    __fpl_fcmp_Inf                           0x080023d9   Thumb Code    24  fcmpi.o(x$fpl$fcmpinf)
    __aeabi_fdiv                             0x080023f1   Thumb Code     0  fdiv.o(x$fpl$fdiv)
    _fdiv                                    0x080023f1   Thumb Code   384  fdiv.o(x$fpl$fdiv)
    __aeabi_f2uiz                            0x08002575   Thumb Code     0  ffixu.o(x$fpl$ffixu)
    _ffixu                                   0x08002575   Thumb Code    62  ffixu.o(x$fpl$ffixu)
    __aeabi_ui2f                             0x080025b5   Thumb Code     0  fflt_clz.o(x$fpl$ffltu)
    _ffltu                                   0x080025b5   Thumb Code    38  fflt_clz.o(x$fpl$ffltu)
    __aeabi_cfcmple                          0x080025dd   Thumb Code     0  fleqf.o(x$fpl$fleqf)
    _fcmple                                  0x080025dd   Thumb Code   104  fleqf.o(x$fpl$fleqf)
    __fpl_fcmple_InfNaN                      0x0800262f   Thumb Code     0  fleqf.o(x$fpl$fleqf)
    __aeabi_fmul                             0x08002645   Thumb Code     0  fmul.o(x$fpl$fmul)
    _fmul                                    0x08002645   Thumb Code   258  fmul.o(x$fpl$fmul)
    __fpl_fnaninf                            0x08002747   Thumb Code   140  fnaninf.o(x$fpl$fnaninf)
    __fpl_fretinf                            0x080027d3   Thumb Code    10  fretinf.o(x$fpl$fretinf)
    __aeabi_cfrcmple                         0x080027dd   Thumb Code     0  frleqf.o(x$fpl$frleqf)
    _frcmple                                 0x080027dd   Thumb Code    98  frleqf.o(x$fpl$frleqf)
    __aeabi_fsub                             0x08002841   Thumb Code     0  faddsub_clz.o(x$fpl$fsub)
    _fsub                                    0x08002841   Thumb Code   234  faddsub_clz.o(x$fpl$fsub)
    __I$use$fp                               0x0800292a   Number         0  usenofp.o(x$fpl$usenofp)
    Region$$Table$$Base                      0x0800294c   Number         0  anon$$obj.o(Region$$Table)
    Region$$Table$$Limit                     0x0800296c   Number         0  anon$$obj.o(Region$$Table)
    g_motor_speed_rad_s                      0x20000000   Data           4  main.o(.data)
    g_hall_last_cap                          0x20000004   Data           4  main.o(.data)
    g_hall_interval                          0x20000008   Data           4  main.o(.data)
    g_hall_state_prev                        0x2000000c   Data           1  main.o(.data)
    current_high                             0x2000000d   Data           1  main.o(.data)
    current_low                              0x2000000e   Data           1  main.o(.data)
    last_valid_hall                          0x2000000f   Data           1  main.o(.data)
    g_commutated_hall                        0x20000010   Data           1  main.o(.data)
    cap_now                                  0x20000014   Data           4  main.o(.data)
    interval                                 0x20000018   Data           4  main.o(.data)
    hall_u                                   0x2000001c   Data           1  main.o(.data)
    hall_v                                   0x2000001d   Data           1  main.o(.data)
    hall_w                                   0x2000001e   Data           1  main.o(.data)
    hall_state                               0x2000001f   Data           1  main.o(.data)
    g_phase_current_u                        0x20000020   Data           4  main.o(.data)
    g_phase_current_v                        0x20000024   Data           4  main.o(.data)
    g_phase_current_w                        0x20000028   Data           4  main.o(.data)
    g_bus_current                            0x2000002c   Data           4  main.o(.data)
    g_adc_offset_u                           0x20000030   Data           4  main.o(.data)
    g_adc_offset_v                           0x20000034   Data           4  main.o(.data)
    g_adc_offset_w                           0x20000038   Data           4  main.o(.data)
    adc_val_u                                0x2000003c   Data           2  main.o(.data)
    adc_val_v                                0x2000003e   Data           2  main.o(.data)
    adc_val_w                                0x20000040   Data           2  main.o(.data)
    v_u                                      0x20000044   Data           4  main.o(.data)
    v_v                                      0x20000048   Data           4  main.o(.data)
    v_w                                      0x2000004c   Data           4  main.o(.data)
    pwm_p                                    0x20000050   Data           4  main.o(.data)
    adc_dma_buffer                           0x20000054   Data           8  main.o(.data)
    adc_pa2_value                            0x2000005c   Data           2  main.o(.data)
    __stdout                                 0x20000080   Data           4  at32f415_board.o(.data)
    system_core_clock                        0x20000084   Data           4  system_at32f415.o(.data)
    __libspace_start                         0x20000088   Data          96  libspace.o(.bss)
    __temporary_stack_top$libspace           0x200000e8   Data           0  libspace.o(.bss)



==============================================================================

Memory Map of the image

  Image Entry point : 0x08000171

  Load Region LR_IROM1 (Base: 0x08000000, Size: 0x000029f4, Max: 0x00040000, ABSOLUTE)

    Execution Region ER_IROM1 (Exec base: 0x08000000, Load base: 0x08000000, Size: 0x0000296c, Max: 0x00040000, ABSOLUTE)

    Exec Addr    Load Addr    Size         Type   Attr      Idx    E Section Name        Object

    0x08000000   0x08000000   0x00000170   Data   RO         1964    RESET               startup_at32f415.o
    0x08000170   0x08000170   0x00000008   Code   RO         1977  * !!!main             c_w.l(__main.o)
    0x08000178   0x08000178   0x00000034   Code   RO         2187    !!!scatter          c_w.l(__scatter.o)
    0x080001ac   0x080001ac   0x0000001a   Code   RO         2189    !!handler_copy      c_w.l(__scatter_copy.o)
    0x080001c6   0x080001c6   0x00000002   PAD
    0x080001c8   0x080001c8   0x0000001c   Code   RO         2191    !!handler_zi        c_w.l(__scatter_zi.o)
    0x080001e4   0x080001e4   0x00000002   Code   RO         2061    .ARM.Collect$$libinit$$00000000  c_w.l(libinit.o)
    0x080001e6   0x080001e6   0x00000000   Code   RO         2074    .ARM.Collect$$libinit$$00000002  c_w.l(libinit2.o)
    0x080001e6   0x080001e6   0x00000000   Code   RO         2076    .ARM.Collect$$libinit$$00000004  c_w.l(libinit2.o)
    0x080001e6   0x080001e6   0x00000000   Code   RO         2079    .ARM.Collect$$libinit$$0000000A  c_w.l(libinit2.o)
    0x080001e6   0x080001e6   0x00000000   Code   RO         2081    .ARM.Collect$$libinit$$0000000C  c_w.l(libinit2.o)
    0x080001e6   0x080001e6   0x00000000   Code   RO         2083    .ARM.Collect$$libinit$$0000000E  c_w.l(libinit2.o)
    0x080001e6   0x080001e6   0x00000000   Code   RO         2086    .ARM.Collect$$libinit$$00000011  c_w.l(libinit2.o)
    0x080001e6   0x080001e6   0x00000000   Code   RO         2088    .ARM.Collect$$libinit$$00000013  c_w.l(libinit2.o)
    0x080001e6   0x080001e6   0x00000000   Code   RO         2090    .ARM.Collect$$libinit$$00000015  c_w.l(libinit2.o)
    0x080001e6   0x080001e6   0x00000000   Code   RO         2092    .ARM.Collect$$libinit$$00000017  c_w.l(libinit2.o)
    0x080001e6   0x080001e6   0x00000000   Code   RO         2094    .ARM.Collect$$libinit$$00000019  c_w.l(libinit2.o)
    0x080001e6   0x080001e6   0x00000000   Code   RO         2096    .ARM.Collect$$libinit$$0000001B  c_w.l(libinit2.o)
    0x080001e6   0x080001e6   0x00000000   Code   RO         2098    .ARM.Collect$$libinit$$0000001D  c_w.l(libinit2.o)
    0x080001e6   0x080001e6   0x00000000   Code   RO         2100    .ARM.Collect$$libinit$$0000001F  c_w.l(libinit2.o)
    0x080001e6   0x080001e6   0x00000000   Code   RO         2102    .ARM.Collect$$libinit$$00000021  c_w.l(libinit2.o)
    0x080001e6   0x080001e6   0x00000000   Code   RO         2104    .ARM.Collect$$libinit$$00000023  c_w.l(libinit2.o)
    0x080001e6   0x080001e6   0x00000000   Code   RO         2106    .ARM.Collect$$libinit$$00000025  c_w.l(libinit2.o)
    0x080001e6   0x080001e6   0x00000000   Code   RO         2110    .ARM.Collect$$libinit$$0000002C  c_w.l(libinit2.o)
    0x080001e6   0x080001e6   0x00000000   Code   RO         2112    .ARM.Collect$$libinit$$0000002E  c_w.l(libinit2.o)
    0x080001e6   0x080001e6   0x00000000   Code   RO         2114    .ARM.Collect$$libinit$$00000030  c_w.l(libinit2.o)
    0x080001e6   0x080001e6   0x00000000   Code   RO         2116    .ARM.Collect$$libinit$$00000032  c_w.l(libinit2.o)
    0x080001e6   0x080001e6   0x00000002   Code   RO         2117    .ARM.Collect$$libinit$$00000033  c_w.l(libinit2.o)
    0x080001e8   0x080001e8   0x00000002   Code   RO         2141    .ARM.Collect$$libshutdown$$00000000  c_w.l(libshutdown.o)
    0x080001ea   0x080001ea   0x00000000   Code   RO         2167    .ARM.Collect$$libshutdown$$00000002  c_w.l(libshutdown2.o)
    0x080001ea   0x080001ea   0x00000000   Code   RO         2169    .ARM.Collect$$libshutdown$$00000004  c_w.l(libshutdown2.o)
    0x080001ea   0x080001ea   0x00000000   Code   RO         2171    .ARM.Collect$$libshutdown$$00000006  c_w.l(libshutdown2.o)
    0x080001ea   0x080001ea   0x00000000   Code   RO         2174    .ARM.Collect$$libshutdown$$00000009  c_w.l(libshutdown2.o)
    0x080001ea   0x080001ea   0x00000000   Code   RO         2177    .ARM.Collect$$libshutdown$$0000000C  c_w.l(libshutdown2.o)
    0x080001ea   0x080001ea   0x00000000   Code   RO         2179    .ARM.Collect$$libshutdown$$0000000E  c_w.l(libshutdown2.o)
    0x080001ea   0x080001ea   0x00000000   Code   RO         2182    .ARM.Collect$$libshutdown$$00000011  c_w.l(libshutdown2.o)
    0x080001ea   0x080001ea   0x00000002   Code   RO         2183    .ARM.Collect$$libshutdown$$00000012  c_w.l(libshutdown2.o)
    0x080001ec   0x080001ec   0x00000000   Code   RO         2015    .ARM.Collect$$rtentry$$00000000  c_w.l(__rtentry.o)
    0x080001ec   0x080001ec   0x00000000   Code   RO         2032    .ARM.Collect$$rtentry$$00000002  c_w.l(__rtentry2.o)
    0x080001ec   0x080001ec   0x00000006   Code   RO         2044    .ARM.Collect$$rtentry$$00000004  c_w.l(__rtentry4.o)
    0x080001f2   0x080001f2   0x00000000   Code   RO         2034    .ARM.Collect$$rtentry$$00000009  c_w.l(__rtentry2.o)
    0x080001f2   0x080001f2   0x00000004   Code   RO         2035    .ARM.Collect$$rtentry$$0000000A  c_w.l(__rtentry2.o)
    0x080001f6   0x080001f6   0x00000000   Code   RO         2037    .ARM.Collect$$rtentry$$0000000C  c_w.l(__rtentry2.o)
    0x080001f6   0x080001f6   0x00000008   Code   RO         2038    .ARM.Collect$$rtentry$$0000000D  c_w.l(__rtentry2.o)
    0x080001fe   0x080001fe   0x00000002   Code   RO         2065    .ARM.Collect$$rtexit$$00000000  c_w.l(rtexit.o)
    0x08000200   0x08000200   0x00000000   Code   RO         2119    .ARM.Collect$$rtexit$$00000002  c_w.l(rtexit2.o)
    0x08000200   0x08000200   0x00000004   Code   RO         2120    .ARM.Collect$$rtexit$$00000003  c_w.l(rtexit2.o)
    0x08000204   0x08000204   0x00000006   Code   RO         2121    .ARM.Collect$$rtexit$$00000004  c_w.l(rtexit2.o)
    0x0800020a   0x0800020a   0x00000002   PAD
    0x0800020c   0x0800020c   0x00000040   Code   RO         1965    .text               startup_at32f415.o
    0x0800024c   0x0800024c   0x00000002   Code   RO         1971    .text               c_w.l(use_no_semi_2.o)
    0x0800024e   0x0800024e   0x000000ee   Code   RO         1973    .text               c_w.l(lludivv7m.o)
    0x0800033c   0x0800033c   0x00000006   Code   RO         1975    .text               c_w.l(heapauxi.o)
    0x08000342   0x08000342   0x00000002   Code   RO         2013    .text               c_w.l(use_no_semi.o)
    0x08000344   0x08000344   0x0000004a   Code   RO         2048    .text               c_w.l(sys_stackheap_outer.o)
    0x0800038e   0x0800038e   0x00000012   Code   RO         2050    .text               c_w.l(exit.o)
    0x080003a0   0x080003a0   0x00000008   Code   RO         2062    .text               c_w.l(libspace.o)
    0x080003a8   0x080003a8   0x00000004   Code   RO          294    i.BusFault_Handler  at32f415_int.o
    0x080003ac   0x080003ac   0x00000002   Code   RO          295    i.DebugMon_Handler  at32f415_int.o
    0x080003ae   0x080003ae   0x00000004   Code   RO          296    i.HardFault_Handler  at32f415_int.o
    0x080003b2   0x080003b2   0x00000004   Code   RO          297    i.MemManage_Handler  at32f415_int.o
    0x080003b6   0x080003b6   0x00000002   Code   RO          298    i.NMI_Handler       at32f415_int.o
    0x080003b8   0x080003b8   0x00000002   Code   RO          299    i.PendSV_Handler    at32f415_int.o
    0x080003ba   0x080003ba   0x00000002   Code   RO          300    i.SVC_Handler       at32f415_int.o
    0x080003bc   0x080003bc   0x000000cc   Code   RO            4    i.Speed_set         main.o
    0x08000488   0x08000488   0x00000002   Code   RO          301    i.SysTick_Handler   at32f415_int.o
    0x0800048a   0x0800048a   0x00000002   PAD
    0x0800048c   0x0800048c   0x0000009c   Code   RO         1928    i.SystemInit        system_at32f415.o
    0x08000528   0x08000528   0x00000160   Code   RO            5    i.TMR2_GLOBAL_IRQHandler  main.o
    0x08000688   0x08000688   0x00000004   Code   RO          302    i.UsageFault_Handler  at32f415_int.o
    0x0800068c   0x0800068c   0x00000002   Code   RO          191    i._sys_exit         at32f415_board.o
    0x0800068e   0x0800068e   0x0000002c   Code   RO          878    i.adc_base_config   at32f415_adc.o
    0x080006ba   0x080006ba   0x0000000e   Code   RO          879    i.adc_base_default_para_init  at32f415_adc.o
    0x080006c8   0x080006c8   0x0000000c   Code   RO          880    i.adc_calibration_init  at32f415_adc.o
    0x080006d4   0x080006d4   0x00000012   Code   RO          881    i.adc_calibration_init_status_get  at32f415_adc.o
    0x080006e6   0x080006e6   0x0000000c   Code   RO          882    i.adc_calibration_start  at32f415_adc.o
    0x080006f2   0x080006f2   0x00000012   Code   RO          883    i.adc_calibration_status_get  at32f415_adc.o
    0x08000704   0x08000704   0x0000000a   Code   RO          884    i.adc_dma_mode_enable  at32f415_adc.o
    0x0800070e   0x0800070e   0x0000000a   Code   RO          885    i.adc_enable        at32f415_adc.o
    0x08000718   0x08000718   0x00000164   Code   RO            6    i.adc_init          main.o
    0x0800087c   0x0800087c   0x000000a8   Code   RO          890    i.adc_ordinary_channel_set  at32f415_adc.o
    0x08000924   0x08000924   0x00000034   Code   RO          892    i.adc_ordinary_conversion_trigger_set  at32f415_adc.o
    0x08000958   0x08000958   0x0000000a   Code   RO          895    i.adc_ordinary_software_trigger_enable  at32f415_adc.o
    0x08000962   0x08000962   0x00000002   PAD
    0x08000964   0x08000964   0x00000024   Code   RO          906    i.adc_reset         at32f415_adc.o
    0x08000988   0x08000988   0x00000008   Code   RO          193    i.at32_board_init   at32f415_board.o
    0x08000990   0x08000990   0x00000014   Code   RO          560    i.crm_ahb_div_set   at32f415_crm.o
    0x080009a4   0x080009a4   0x00000014   Code   RO          561    i.crm_apb1_div_set  at32f415_crm.o
    0x080009b8   0x080009b8   0x00000014   Code   RO          562    i.crm_apb2_div_set  at32f415_crm.o
    0x080009cc   0x080009cc   0x00000028   Code   RO          563    i.crm_auto_step_mode_enable  at32f415_crm.o
    0x080009f4   0x080009f4   0x00000060   Code   RO          568    i.crm_clock_source_enable  at32f415_crm.o
    0x08000a54   0x08000a54   0x00000030   Code   RO          573    i.crm_flag_get      at32f415_crm.o
    0x08000a84   0x08000a84   0x0000002e   Code   RO          575    i.crm_hext_stable_wait  at32f415_crm.o
    0x08000ab2   0x08000ab2   0x00000002   PAD
    0x08000ab4   0x08000ab4   0x00000044   Code   RO          584    i.crm_periph_clock_enable  at32f415_crm.o
    0x08000af8   0x08000af8   0x00000044   Code   RO          585    i.crm_periph_reset  at32f415_crm.o
    0x08000b3c   0x08000b3c   0x00000118   Code   RO          587    i.crm_pll_config    at32f415_crm.o
    0x08000c54   0x08000c54   0x00000064   Code   RO          589    i.crm_reset         at32f415_crm.o
    0x08000cb8   0x08000cb8   0x0000003c   Code   RO          590    i.crm_sysclk_switch  at32f415_crm.o
    0x08000cf4   0x08000cf4   0x00000010   Code   RO          591    i.crm_sysclk_switch_status_get  at32f415_crm.o
    0x08000d04   0x08000d04   0x000000c8   Code   RO            7    i.current_offset_calibration  main.o
    0x08000dcc   0x08000dcc   0x00000230   Code   RO            8    i.current_sample    main.o
    0x08000ffc   0x08000ffc   0x00000038   Code   RO          194    i.delay_init        at32f415_board.o
    0x08001034   0x08001034   0x0000000a   Code   RO          794    i.dma_channel_enable  at32f415_dma.o
    0x0800103e   0x0800103e   0x00000018   Code   RO          797    i.dma_default_para_init  at32f415_dma.o
    0x08001056   0x08001056   0x00000002   PAD
    0x08001058   0x08001058   0x00000020   Code   RO          798    i.dma_flag_clear    at32f415_dma.o
    0x08001078   0x08001078   0x0000002c   Code   RO          799    i.dma_flag_get      at32f415_dma.o
    0x080010a4   0x080010a4   0x00000098   Code   RO          800    i.dma_flexible_config  at32f415_dma.o
    0x0800113c   0x0800113c   0x0000005c   Code   RO          801    i.dma_init          at32f415_dma.o
    0x08001198   0x08001198   0x00000070   Code   RO          804    i.dma_reset         at32f415_dma.o
    0x08001208   0x08001208   0x00000004   Code   RO          369    i.gpio_bits_reset   at32f415_gpio.o
    0x0800120c   0x0800120c   0x00000004   Code   RO          370    i.gpio_bits_set     at32f415_gpio.o
    0x08001210   0x08001210   0x00000016   Code   RO          373    i.gpio_default_para_init  at32f415_gpio.o
    0x08001226   0x08001226   0x000000a8   Code   RO          377    i.gpio_init         at32f415_gpio.o
    0x080012ce   0x080012ce   0x00000012   Code   RO          378    i.gpio_input_data_bit_read  at32f415_gpio.o
    0x080012e0   0x080012e0   0x0000004c   Code   RO          383    i.gpio_pin_remap_config  at32f415_gpio.o
    0x0800132c   0x0800132c   0x000000d8   Code   RO            9    i.hall_speed_init   main.o
    0x08001404   0x08001404   0x00000078   Code   RO           10    i.main              main.o
    0x0800147c   0x0800147c   0x0000008c   Code   RO           11    i.motor_commutate   main.o
    0x08001508   0x08001508   0x000001a0   Code   RO           12    i.motor_pwm_init    main.o
    0x080016a8   0x080016a8   0x000000c8   Code   RO          496    i.nvic_irq_enable   at32f415_misc.o
    0x08001770   0x08001770   0x00000028   Code   RO          498    i.nvic_priority_group_config  at32f415_misc.o
    0x08001798   0x08001798   0x000000a8   Code   RO           13    i.set_high_phase    main.o
    0x08001840   0x08001840   0x00000064   Code   RO           14    i.set_low_phase     main.o
    0x080018a4   0x080018a4   0x00000074   Code   RO          270    i.system_clock_config  at32f415_clock.o
    0x08001918   0x08001918   0x0000015c   Code   RO         1929    i.system_core_clock_update  system_at32f415.o
    0x08001a74   0x08001a74   0x00000028   Code   RO          501    i.systick_clock_source_config  at32f415_misc.o
    0x08001a9c   0x08001a9c   0x0000001c   Code   RO         1496    i.tmr_32_bit_function_enable  at32f415_tmr.o
    0x08001ab8   0x08001ab8   0x00000010   Code   RO         1497    i.tmr_base_init     at32f415_tmr.o
    0x08001ac8   0x08001ac8   0x00000048   Code   RO         1498    i.tmr_brkdt_config  at32f415_tmr.o
    0x08001b10   0x08001b10   0x00000012   Code   RO         1499    i.tmr_brkdt_default_para_init  at32f415_tmr.o
    0x08001b22   0x08001b22   0x0000000a   Code   RO         1500    i.tmr_channel1_input_select  at32f415_tmr.o
    0x08001b2c   0x08001b2c   0x0000002e   Code   RO         1504    i.tmr_channel_value_get  at32f415_tmr.o
    0x08001b5a   0x08001b5a   0x00000028   Code   RO         1505    i.tmr_channel_value_set  at32f415_tmr.o
    0x08001b82   0x08001b82   0x0000000a   Code   RO         1507    i.tmr_cnt_dir_set   at32f415_tmr.o
    0x08001b8c   0x08001b8c   0x0000000a   Code   RO         1508    i.tmr_counter_enable  at32f415_tmr.o
    0x08001b96   0x08001b96   0x00000006   Code   RO         1520    i.tmr_flag_clear    at32f415_tmr.o
    0x08001b9c   0x08001b9c   0x0000000a   Code   RO         1523    i.tmr_hall_select   at32f415_tmr.o
    0x08001ba6   0x08001ba6   0x00000130   Code   RO         1526    i.tmr_input_channel_init  at32f415_tmr.o
    0x08001cd6   0x08001cd6   0x00000010   Code   RO         1527    i.tmr_input_default_para_init  at32f415_tmr.o
    0x08001ce6   0x08001ce6   0x00000016   Code   RO         1529    i.tmr_interrupt_enable  at32f415_tmr.o
    0x08001cfc   0x08001cfc   0x00000018   Code   RO         1530    i.tmr_interrupt_flag_get  at32f415_tmr.o
    0x08001d14   0x08001d14   0x000001d0   Code   RO         1533    i.tmr_output_channel_config  at32f415_tmr.o
    0x08001ee4   0x08001ee4   0x00000012   Code   RO         1539    i.tmr_output_default_para_init  at32f415_tmr.o
    0x08001ef6   0x08001ef6   0x0000000a   Code   RO         1540    i.tmr_output_enable  at32f415_tmr.o
    0x08001f00   0x08001f00   0x00000062   Code   RO         1979    x$fpl$d2f           fz_ws.l(d2f.o)
    0x08001f62   0x08001f62   0x00000002   PAD
    0x08001f64   0x08001f64   0x000002b0   Code   RO         1982    x$fpl$ddiv          fz_ws.l(ddiv.o)
    0x08002214   0x08002214   0x0000009c   Code   RO         2020    x$fpl$dnaninf       fz_ws.l(dnaninf.o)
    0x080022b0   0x080022b0   0x0000000c   Code   RO         2022    x$fpl$dretinf       fz_ws.l(dretinf.o)
    0x080022bc   0x080022bc   0x00000056   Code   RO         1985    x$fpl$f2d           fz_ws.l(f2d.o)
    0x08002312   0x08002312   0x00000002   PAD
    0x08002314   0x08002314   0x000000c4   Code   RO         1987    x$fpl$fadd          fz_ws.l(faddsub_clz.o)
    0x080023d8   0x080023d8   0x00000018   Code   RO         2024    x$fpl$fcmpinf       fz_ws.l(fcmpi.o)
    0x080023f0   0x080023f0   0x00000184   Code   RO         1994    x$fpl$fdiv          fz_ws.l(fdiv.o)
    0x08002574   0x08002574   0x0000003e   Code   RO         1997    x$fpl$ffixu         fz_ws.l(ffixu.o)
    0x080025b2   0x080025b2   0x00000002   PAD
    0x080025b4   0x080025b4   0x00000026   Code   RO         2001    x$fpl$ffltu         fz_ws.l(fflt_clz.o)
    0x080025da   0x080025da   0x00000002   PAD
    0x080025dc   0x080025dc   0x00000068   Code   RO         2007    x$fpl$fleqf         fz_ws.l(fleqf.o)
    0x08002644   0x08002644   0x00000102   Code   RO         2009    x$fpl$fmul          fz_ws.l(fmul.o)
    0x08002746   0x08002746   0x0000008c   Code   RO         2026    x$fpl$fnaninf       fz_ws.l(fnaninf.o)
    0x080027d2   0x080027d2   0x0000000a   Code   RO         2028    x$fpl$fretinf       fz_ws.l(fretinf.o)
    0x080027dc   0x080027dc   0x00000062   Code   RO         2011    x$fpl$frleqf        fz_ws.l(frleqf.o)
    0x0800283e   0x0800283e   0x00000002   PAD
    0x08002840   0x08002840   0x000000ea   Code   RO         1989    x$fpl$fsub          fz_ws.l(faddsub_clz.o)
    0x0800292a   0x0800292a   0x00000000   Code   RO         2030    x$fpl$usenofp       fz_ws.l(usenofp.o)
    0x0800292a   0x0800292a   0x00000010   Data   RO           15    .constdata          main.o
    0x0800293a   0x0800293a   0x00000010   Data   RO         1930    .constdata          system_at32f415.o
    0x0800294a   0x0800294a   0x00000002   PAD
    0x0800294c   0x0800294c   0x00000020   Data   RO         2185    Region$$Table       anon$$obj.o


    Execution Region RW_IRAM1 (Exec base: 0x20000000, Load base: 0x0800296c, Size: 0x000006e8, Max: 0x00008000, ABSOLUTE)

    Exec Addr    Load Addr    Size         Type   Attr      Idx    E Section Name        Object

    0x20000000   0x0800296c   0x00000075   Data   RW           16    .data               main.o
    0x20000075   0x080029e1   0x00000003   PAD
    0x20000078   0x080029e4   0x0000000c   Data   RW          200    .data               at32f415_board.o
    0x20000084   0x080029f0   0x00000004   Data   RW         1931    .data               system_at32f415.o
    0x20000088        -       0x00000060   Zero   RW         2063    .bss                c_w.l(libspace.o)
    0x200000e8        -       0x00000200   Zero   RW         1963    HEAP                startup_at32f415.o
    0x200002e8        -       0x00000400   Zero   RW         1962    STACK               startup_at32f415.o


==============================================================================

Image component sizes


      Code (inc. data)   RO Data    RW Data    ZI Data      Debug   Object Name

       404          8          0          0          0       7072   at32f415_adc.o
        66         18          0         12          0       3229   at32f415_board.o
       116          6          0          0          0        534   at32f415_clock.o
       882        132          0          0          0       7033   at32f415_crm.o
       466         28          0          0          0       4226   at32f415_dma.o
       292          6          0          0          0       4102   at32f415_gpio.o
        26          0          0          0          0       3846   at32f415_int.o
       280         18          0          0          0      32428   at32f415_misc.o
      1124          6          0          0          0      10838   at32f415_tmr.o
      2832        316         16        117          0      64690   main.o
        64         26        368          0       1536        856   startup_at32f415.o
       504         50         16          4          0       2156   system_at32f415.o

    ----------------------------------------------------------------------
      7064        614        434        136       1536     141010   Object Totals
         0          0         32          0          0          0   (incl. Generated)
         8          0          2          3          0          0   (incl. Padding)

    ----------------------------------------------------------------------

      Code (inc. data)   RO Data    RW Data    ZI Data      Debug   Library Member Name

         8          0          0          0          0         68   __main.o
         0          0          0          0          0          0   __rtentry.o
        12          0          0          0          0          0   __rtentry2.o
         6          0          0          0          0          0   __rtentry4.o
        52          8          0          0          0          0   __scatter.o
        26          0          0          0          0          0   __scatter_copy.o
        28          0          0          0          0          0   __scatter_zi.o
        18          0          0          0          0         80   exit.o
         6          0          0          0          0        152   heapauxi.o
         2          0          0          0          0          0   libinit.o
         2          0          0          0          0          0   libinit2.o
         2          0          0          0          0          0   libshutdown.o
         2          0          0          0          0          0   libshutdown2.o
         8          4          0          0         96         68   libspace.o
       238          0          0          0          0        100   lludivv7m.o
         2          0          0          0          0          0   rtexit.o
        10          0          0          0          0          0   rtexit2.o
        74          0          0          0          0         80   sys_stackheap_outer.o
         2          0          0          0          0         68   use_no_semi.o
         2          0          0          0          0         68   use_no_semi_2.o
        98          4          0          0          0         92   d2f.o
       688        140          0          0          0        208   ddiv.o
       156          4          0          0          0         92   dnaninf.o
        12          0          0          0          0         68   dretinf.o
        86          4          0          0          0         84   f2d.o
       430          8          0          0          0        168   faddsub_clz.o
        24          0          0          0          0         68   fcmpi.o
       388         76          0          0          0         96   fdiv.o
        62          4          0          0          0         84   ffixu.o
        38          0          0          0          0         68   fflt_clz.o
       104          4          0          0          0         84   fleqf.o
       258          4          0          0          0         84   fmul.o
       140          4          0          0          0         84   fnaninf.o
        10          0          0          0          0         68   fretinf.o
        98          0          0          0          0         68   frleqf.o
         0          0          0          0          0          0   usenofp.o

    ----------------------------------------------------------------------
      3106        264          0          0         96       2100   Library Totals
        14          0          0          0          0          0   (incl. Padding)

    ----------------------------------------------------------------------

      Code (inc. data)   RO Data    RW Data    ZI Data      Debug   Library Name

       500         12          0          0         96        684   c_w.l
      2592        252          0          0          0       1416   fz_ws.l

    ----------------------------------------------------------------------
      3106        264          0          0         96       2100   Library Totals

    ----------------------------------------------------------------------

==============================================================================


      Code (inc. data)   RO Data    RW Data    ZI Data      Debug   

     10170        878        434        136       1632     137906   Grand Totals
     10170        878        434        136       1632     137906   ELF Image Totals
     10170        878        434        136          0          0   ROM Totals

==============================================================================

    Total RO  Size (Code + RO Data)                10604 (  10.36kB)
    Total RW  Size (RW Data + ZI Data)              1768 (   1.73kB)
    Total ROM Size (Code + RO Data + RW Data)      10740 (  10.49kB)

==============================================================================

